Command line:
   ./pipeline_tb_isim_beh.exe
     -intstyle  ise
     -ipchost  localhost
     -ipcport  1049

Fri Feb 13 00:13:11 2026

Total Line Count : 3457

 Elaboration Time: 0.03125 sec

 Current Memory Usage: 145.736 Meg

 Total Signals          : 2435
 Total Nets             : 1597
 Total Signal Drivers   : 610
 Total Blocks           : 577
 Total Primitive Blocks : 534
 Total Processes        : 1203
 Total Traceable Variables  : 844
 Total Scalar Nets and Variables : 76559
ntrace select -o on -n /pipeline_tb/clk 
ntrace select -o on -n /pipeline_tb/reset 
ntrace select -o on -n /pipeline_tb/uut/regfile_inst/clk 
ntrace select -o on -n /pipeline_tb/uut/regfile_inst/we 
ntrace select -o on -n /pipeline_tb/uut/regfile_inst/wr_addr 
ntrace select -o on -n /pipeline_tb/uut/regfile_inst/wr_data 
ntrace select -o on -n /pipeline_tb/uut/regfile_inst/rd_addr1 
ntrace select -o on -n /pipeline_tb/uut/regfile_inst/rd_addr2 
ntrace select -o on -n /pipeline_tb/uut/regfile_inst/rd_data1 
ntrace select -o on -n /pipeline_tb/uut/regfile_inst/rd_data2 
ntrace select -o on -n /pipeline_tb/uut/regfile_inst/dec_out 
ntrace select -o on -n /pipeline_tb/uut/regfile_inst/r0_out 
ntrace select -o on -n /pipeline_tb/uut/regfile_inst/r1_out 
ntrace select -o on -n /pipeline_tb/uut/regfile_inst/r2_out 
ntrace select -o on -n /pipeline_tb/uut/regfile_inst/r3_out 
ntrace select -o on -n /pipeline_tb/uut/dmem_inst/addra 
ntrace select -o on -n /pipeline_tb/uut/dmem_inst/addrb 
ntrace select -o on -n /pipeline_tb/uut/dmem_inst/clka 
ntrace select -o on -n /pipeline_tb/uut/dmem_inst/clkb 
ntrace select -o on -n /pipeline_tb/uut/dmem_inst/dina 
ntrace select -o on -n /pipeline_tb/uut/dmem_inst/dinb 
ntrace select -o on -n /pipeline_tb/uut/dmem_inst/douta 
ntrace select -o on -n /pipeline_tb/uut/dmem_inst/doutb 
ntrace select -o on -n /pipeline_tb/uut/dmem_inst/wea 
ntrace select -o on -n /pipeline_tb/uut/dmem_inst/web 
ntrace select -o on -n /pipeline_tb/uut/id_ex_inst/clk 
ntrace select -o on -n /pipeline_tb/uut/id_ex_inst/reset 
ntrace select -o on -n /pipeline_tb/uut/id_ex_inst/rs_data_in 
ntrace select -o on -n /pipeline_tb/uut/id_ex_inst/rt_data_in 
ntrace select -o on -n /pipeline_tb/uut/id_ex_inst/rd_in 
ntrace select -o on -n /pipeline_tb/uut/id_ex_inst/address_in 
ntrace select -o on -n /pipeline_tb/uut/id_ex_inst/WRegEn_in 
ntrace select -o on -n /pipeline_tb/uut/id_ex_inst/WMemEn_in 
ntrace select -o on -n /pipeline_tb/uut/id_ex_inst/MemToReg_in 
ntrace select -o on -n /pipeline_tb/uut/id_ex_inst/ALUOp_in 
ntrace select -o on -n /pipeline_tb/uut/id_ex_inst/rs_data_out 
ntrace select -o on -n /pipeline_tb/uut/id_ex_inst/rt_data_out 
ntrace select -o on -n /pipeline_tb/uut/id_ex_inst/rd_out 
ntrace select -o on -n /pipeline_tb/uut/id_ex_inst/address_out 
ntrace select -o on -n /pipeline_tb/uut/id_ex_inst/WRegEn_out 
ntrace select -o on -n /pipeline_tb/uut/id_ex_inst/WMemEn_out 
ntrace select -o on -n /pipeline_tb/uut/id_ex_inst/MemToReg_out 
ntrace select -o on -n /pipeline_tb/uut/id_ex_inst/ALUOp_out 
ntrace start 
isimrun 1000 ns 
Simulator is doing circuit initialization process.
Finished circuit initialization process.
WARNING:Simulator:29 - at 10.000 ns: Warning: Timing violation in
   /pipeline_tb/uut/dmem_inst/inst/  $recovery( CLKB:10.000 ns, CLKA:10.000
   ns,1.000 ns)

WARNING:Simulator:29 - at 10.000 ns: Warning: Timing violation in
   /pipeline_tb/uut/dmem_inst/inst/  $recovery( CLKA:10.000 ns, CLKB:10.000
   ns,1.000 ns)

WARNING:Simulator:29 - at 20.000 ns: Warning: Timing violation in
   /pipeline_tb/uut/dmem_inst/inst/  $recovery( CLKB:20.000 ns, CLKA:20.000
   ns,1.000 ns)

WARNING:Simulator:29 - at 20.000 ns: Warning: Timing violation in
   /pipeline_tb/uut/dmem_inst/inst/  $recovery( CLKA:20.000 ns, CLKB:20.000
   ns,1.000 ns)

WARNING:Simulator:29 - at 30.000 ns: Warning: Timing violation in
   /pipeline_tb/uut/dmem_inst/inst/  $recovery( CLKB:30.000 ns, CLKA:30.000
   ns,1.000 ns)

WARNING:Simulator:29 - at 30.000 ns: Warning: Timing violation in
   /pipeline_tb/uut/dmem_inst/inst/  $recovery( CLKA:30.000 ns, CLKB:30.000
   ns,1.000 ns)

WARNING:Simulator:29 - at 40.000 ns: Warning: Timing violation in
   /pipeline_tb/uut/dmem_inst/inst/  $recovery( CLKB:40.000 ns, CLKA:40.000
   ns,1.000 ns)

WARNING:Simulator:29 - at 40.000 ns: Warning: Timing violation in
   /pipeline_tb/uut/dmem_inst/inst/  $recovery( CLKA:40.000 ns, CLKB:40.000
   ns,1.000 ns)

WARNING:Simulator:29 - at 50.000 ns: Warning: Timing violation in
   /pipeline_tb/uut/dmem_inst/inst/  $recovery( CLKB:50.000 ns, CLKA:50.000
   ns,1.000 ns)

WARNING:Simulator:29 - at 50.000 ns: Warning: Timing violation in
   /pipeline_tb/uut/dmem_inst/inst/  $recovery( CLKA:50.000 ns, CLKB:50.000
   ns,1.000 ns)

WARNING:Simulator:29 - at 60.000 ns: Warning: Timing violation in
   /pipeline_tb/uut/dmem_inst/inst/  $recovery( CLKB:60.000 ns, CLKA:60.000
   ns,1.000 ns)

WARNING:Simulator:29 - at 60.000 ns: Warning: Timing violation in
   /pipeline_tb/uut/dmem_inst/inst/  $recovery( CLKA:60.000 ns, CLKB:60.000
   ns,1.000 ns)

WARNING:Simulator:29 - at 70.000 ns: Warning: Timing violation in
   /pipeline_tb/uut/dmem_inst/inst/  $recovery( CLKB:70.000 ns, CLKA:70.000
   ns,1.000 ns)

WARNING:Simulator:29 - at 70.000 ns: Warning: Timing violation in
   /pipeline_tb/uut/dmem_inst/inst/  $recovery( CLKA:70.000 ns, CLKB:70.000
   ns,1.000 ns)

WARNING:Simulator:29 - at 80.000 ns: Warning: Timing violation in
   /pipeline_tb/uut/dmem_inst/inst/  $recovery( CLKB:80.000 ns, CLKA:80.000
   ns,1.000 ns)

WARNING:Simulator:29 - at 80.000 ns: Warning: Timing violation in
   /pipeline_tb/uut/dmem_inst/inst/  $recovery( CLKA:80.000 ns, CLKB:80.000
   ns,1.000 ns)

WARNING:Simulator:29 - at 90.000 ns: Warning: Timing violation in
   /pipeline_tb/uut/dmem_inst/inst/  $recovery( CLKB:90.000 ns, CLKA:90.000
   ns,1.000 ns)

WARNING:Simulator:29 - at 90.000 ns: Warning: Timing violation in
   /pipeline_tb/uut/dmem_inst/inst/  $recovery( CLKA:90.000 ns, CLKB:90.000
   ns,1.000 ns)

WARNING:Simulator:29 - at 100.000 ns: Warning: Timing violation in
   /pipeline_tb/uut/dmem_inst/inst/  $recovery( CLKB:100.000 ns, CLKA:100.000
   ns,1.000 ns)

WARNING:Simulator:29 - at 100.000 ns: Warning: Timing violation in
   /pipeline_tb/uut/dmem_inst/inst/  $recovery( CLKA:100.000 ns, CLKB:100.000
   ns,1.000 ns)

WARNING:Simulator:29 - at 110.000 ns: Warning: Timing violation in
   /pipeline_tb/uut/dmem_inst/inst/  $recovery( CLKB:110.000 ns, CLKA:110.000
   ns,1.000 ns)

WARNING:Simulator:29 - at 110.000 ns: Warning: Timing violation in
   /pipeline_tb/uut/dmem_inst/inst/  $recovery( CLKA:110.000 ns, CLKB:110.000
   ns,1.000 ns)

WARNING:Simulator:29 - at 120.000 ns: Warning: Timing violation in
   /pipeline_tb/uut/dmem_inst/inst/  $recovery( CLKB:120.000 ns, CLKA:120.000
   ns,1.000 ns)

WARNING:Simulator:29 - at 120.000 ns: Warning: Timing violation in
   /pipeline_tb/uut/dmem_inst/inst/  $recovery( CLKA:120.000 ns, CLKB:120.000
   ns,1.000 ns)

WARNING:Simulator:29 - at 130.000 ns: Warning: Timing violation in
   /pipeline_tb/uut/dmem_inst/inst/  $recovery( CLKB:130.000 ns, CLKA:130.000
   ns,1.000 ns)

WARNING:Simulator:29 - at 130.000 ns: Warning: Timing violation in
   /pipeline_tb/uut/dmem_inst/inst/  $recovery( CLKA:130.000 ns, CLKB:130.000
   ns,1.000 ns)

WARNING:Simulator:29 - at 140.000 ns: Warning: Timing violation in
   /pipeline_tb/uut/dmem_inst/inst/  $recovery( CLKB:140.000 ns, CLKA:140.000
   ns,1.000 ns)

WARNING:Simulator:29 - at 140.000 ns: Warning: Timing violation in
   /pipeline_tb/uut/dmem_inst/inst/  $recovery( CLKA:140.000 ns, CLKB:140.000
   ns,1.000 ns)

WARNING:Simulator:29 - at 150.000 ns: Warning: Timing violation in
   /pipeline_tb/uut/dmem_inst/inst/  $recovery( CLKB:150.000 ns, CLKA:150.000
   ns,1.000 ns)

WARNING:Simulator:29 - at 150.000 ns: Warning: Timing violation in
   /pipeline_tb/uut/dmem_inst/inst/  $recovery( CLKA:150.000 ns, CLKB:150.000
   ns,1.000 ns)

WARNING:Simulator:29 - at 160.000 ns: Warning: Timing violation in
   /pipeline_tb/uut/dmem_inst/inst/  $recovery( CLKB:160.000 ns, CLKA:160.000
   ns,1.000 ns)

WARNING:Simulator:29 - at 160.000 ns: Warning: Timing violation in
   /pipeline_tb/uut/dmem_inst/inst/  $recovery( CLKA:160.000 ns, CLKB:160.000
   ns,1.000 ns)

WARNING:Simulator:29 - at 170.000 ns: Warning: Timing violation in
   /pipeline_tb/uut/dmem_inst/inst/  $recovery( CLKB:170.000 ns, CLKA:170.000
   ns,1.000 ns)

WARNING:Simulator:29 - at 170.000 ns: Warning: Timing violation in
   /pipeline_tb/uut/dmem_inst/inst/  $recovery( CLKA:170.000 ns, CLKB:170.000
   ns,1.000 ns)

WARNING:Simulator:29 - at 180.000 ns: Warning: Timing violation in
   /pipeline_tb/uut/dmem_inst/inst/  $recovery( CLKB:180.000 ns, CLKA:180.000
   ns,1.000 ns)

WARNING:Simulator:29 - at 180.000 ns: Warning: Timing violation in
   /pipeline_tb/uut/dmem_inst/inst/  $recovery( CLKA:180.000 ns, CLKB:180.000
   ns,1.000 ns)

WARNING:Simulator:29 - at 190.000 ns: Warning: Timing violation in
   /pipeline_tb/uut/dmem_inst/inst/  $recovery( CLKB:190.000 ns, CLKA:190.000
   ns,1.000 ns)

WARNING:Simulator:29 - at 190.000 ns: Warning: Timing violation in
   /pipeline_tb/uut/dmem_inst/inst/  $recovery( CLKA:190.000 ns, CLKB:190.000
   ns,1.000 ns)

WARNING:Simulator:29 - at 200.000 ns: Warning: Timing violation in
   /pipeline_tb/uut/dmem_inst/inst/  $recovery( CLKB:200.000 ns, CLKA:200.000
   ns,1.000 ns)

WARNING:Simulator:29 - at 200.000 ns: Warning: Timing violation in
   /pipeline_tb/uut/dmem_inst/inst/  $recovery( CLKA:200.000 ns, CLKB:200.000
   ns,1.000 ns)

WARNING:Simulator:29 - at 210.000 ns: Warning: Timing violation in
   /pipeline_tb/uut/dmem_inst/inst/  $recovery( CLKB:210.000 ns, CLKA:210.000
   ns,1.000 ns)

WARNING:Simulator:29 - at 210.000 ns: Warning: Timing violation in
   /pipeline_tb/uut/dmem_inst/inst/  $recovery( CLKA:210.000 ns, CLKB:210.000
   ns,1.000 ns)

WARNING:Simulator:29 - at 220.000 ns: Warning: Timing violation in
   /pipeline_tb/uut/dmem_inst/inst/  $recovery( CLKB:220.000 ns, CLKA:220.000
   ns,1.000 ns)

WARNING:Simulator:29 - at 220.000 ns: Warning: Timing violation in
   /pipeline_tb/uut/dmem_inst/inst/  $recovery( CLKA:220.000 ns, CLKB:220.000
   ns,1.000 ns)

WARNING:Simulator:29 - at 230.000 ns: Warning: Timing violation in
   /pipeline_tb/uut/dmem_inst/inst/  $recovery( CLKB:230.000 ns, CLKA:230.000
   ns,1.000 ns)

WARNING:Simulator:29 - at 230.000 ns: Warning: Timing violation in
   /pipeline_tb/uut/dmem_inst/inst/  $recovery( CLKA:230.000 ns, CLKB:230.000
   ns,1.000 ns)

WARNING:Simulator:29 - at 240.000 ns: Warning: Timing violation in
   /pipeline_tb/uut/dmem_inst/inst/  $recovery( CLKB:240.000 ns, CLKA:240.000
   ns,1.000 ns)

WARNING:Simulator:29 - at 240.000 ns: Warning: Timing violation in
   /pipeline_tb/uut/dmem_inst/inst/  $recovery( CLKA:240.000 ns, CLKB:240.000
   ns,1.000 ns)

WARNING:Simulator:29 - at 250.000 ns: Warning: Timing violation in
   /pipeline_tb/uut/dmem_inst/inst/  $recovery( CLKB:250.000 ns, CLKA:250.000
   ns,1.000 ns)

WARNING:Simulator:29 - at 250.000 ns: Warning: Timing violation in
   /pipeline_tb/uut/dmem_inst/inst/  $recovery( CLKA:250.000 ns, CLKB:250.000
   ns,1.000 ns)

WARNING:Simulator:29 - at 260.000 ns: Warning: Timing violation in
   /pipeline_tb/uut/dmem_inst/inst/  $recovery( CLKB:260.000 ns, CLKA:260.000
   ns,1.000 ns)

WARNING:Simulator:29 - at 260.000 ns: Warning: Timing violation in
   /pipeline_tb/uut/dmem_inst/inst/  $recovery( CLKA:260.000 ns, CLKB:260.000
   ns,1.000 ns)

WARNING:Simulator:29 - at 270.000 ns: Warning: Timing violation in
   /pipeline_tb/uut/dmem_inst/inst/  $recovery( CLKB:270.000 ns, CLKA:270.000
   ns,1.000 ns)

WARNING:Simulator:29 - at 270.000 ns: Warning: Timing violation in
   /pipeline_tb/uut/dmem_inst/inst/  $recovery( CLKA:270.000 ns, CLKB:270.000
   ns,1.000 ns)

WARNING:Simulator:29 - at 280.000 ns: Warning: Timing violation in
   /pipeline_tb/uut/dmem_inst/inst/  $recovery( CLKB:280.000 ns, CLKA:280.000
   ns,1.000 ns)

WARNING:Simulator:29 - at 280.000 ns: Warning: Timing violation in
   /pipeline_tb/uut/dmem_inst/inst/  $recovery( CLKA:280.000 ns, CLKB:280.000
   ns,1.000 ns)

WARNING:Simulator:29 - at 290.000 ns: Warning: Timing violation in
   /pipeline_tb/uut/dmem_inst/inst/  $recovery( CLKB:290.000 ns, CLKA:290.000
   ns,1.000 ns)

WARNING:Simulator:29 - at 290.000 ns: Warning: Timing violation in
   /pipeline_tb/uut/dmem_inst/inst/  $recovery( CLKA:290.000 ns, CLKB:290.000
   ns,1.000 ns)

WARNING:Simulator:29 - at 300.000 ns: Warning: Timing violation in
   /pipeline_tb/uut/dmem_inst/inst/  $recovery( CLKB:300.000 ns, CLKA:300.000
   ns,1.000 ns)

WARNING:Simulator:29 - at 300.000 ns: Warning: Timing violation in
   /pipeline_tb/uut/dmem_inst/inst/  $recovery( CLKA:300.000 ns, CLKB:300.000
   ns,1.000 ns)

WARNING:Simulator:29 - at 310.000 ns: Warning: Timing violation in
   /pipeline_tb/uut/dmem_inst/inst/  $recovery( CLKB:310.000 ns, CLKA:310.000
   ns,1.000 ns)

WARNING:Simulator:29 - at 310.000 ns: Warning: Timing violation in
   /pipeline_tb/uut/dmem_inst/inst/  $recovery( CLKA:310.000 ns, CLKB:310.000
   ns,1.000 ns)

WARNING:Simulator:29 - at 320.000 ns: Warning: Timing violation in
   /pipeline_tb/uut/dmem_inst/inst/  $recovery( CLKB:320.000 ns, CLKA:320.000
   ns,1.000 ns)

WARNING:Simulator:29 - at 320.000 ns: Warning: Timing violation in
   /pipeline_tb/uut/dmem_inst/inst/  $recovery( CLKA:320.000 ns, CLKB:320.000
   ns,1.000 ns)

WARNING:Simulator:29 - at 330.000 ns: Warning: Timing violation in
   /pipeline_tb/uut/dmem_inst/inst/  $recovery( CLKB:330.000 ns, CLKA:330.000
   ns,1.000 ns)

WARNING:Simulator:29 - at 330.000 ns: Warning: Timing violation in
   /pipeline_tb/uut/dmem_inst/inst/  $recovery( CLKA:330.000 ns, CLKB:330.000
   ns,1.000 ns)

WARNING:Simulator:29 - at 340.000 ns: Warning: Timing violation in
   /pipeline_tb/uut/dmem_inst/inst/  $recovery( CLKB:340.000 ns, CLKA:340.000
   ns,1.000 ns)

WARNING:Simulator:29 - at 340.000 ns: Warning: Timing violation in
   /pipeline_tb/uut/dmem_inst/inst/  $recovery( CLKA:340.000 ns, CLKB:340.000
   ns,1.000 ns)

WARNING:Simulator:29 - at 350.000 ns: Warning: Timing violation in
   /pipeline_tb/uut/dmem_inst/inst/  $recovery( CLKB:350.000 ns, CLKA:350.000
   ns,1.000 ns)

WARNING:Simulator:29 - at 350.000 ns: Warning: Timing violation in
   /pipeline_tb/uut/dmem_inst/inst/  $recovery( CLKA:350.000 ns, CLKB:350.000
   ns,1.000 ns)

WARNING:Simulator:29 - at 360.000 ns: Warning: Timing violation in
   /pipeline_tb/uut/dmem_inst/inst/  $recovery( CLKB:360.000 ns, CLKA:360.000
   ns,1.000 ns)

WARNING:Simulator:29 - at 360.000 ns: Warning: Timing violation in
   /pipeline_tb/uut/dmem_inst/inst/  $recovery( CLKA:360.000 ns, CLKB:360.000
   ns,1.000 ns)

WARNING:Simulator:29 - at 370.000 ns: Warning: Timing violation in
   /pipeline_tb/uut/dmem_inst/inst/  $recovery( CLKB:370.000 ns, CLKA:370.000
   ns,1.000 ns)

WARNING:Simulator:29 - at 370.000 ns: Warning: Timing violation in
   /pipeline_tb/uut/dmem_inst/inst/  $recovery( CLKA:370.000 ns, CLKB:370.000
   ns,1.000 ns)

WARNING:Simulator:29 - at 380.000 ns: Warning: Timing violation in
   /pipeline_tb/uut/dmem_inst/inst/  $recovery( CLKB:380.000 ns, CLKA:380.000
   ns,1.000 ns)

WARNING:Simulator:29 - at 380.000 ns: Warning: Timing violation in
   /pipeline_tb/uut/dmem_inst/inst/  $recovery( CLKA:380.000 ns, CLKB:380.000
   ns,1.000 ns)

WARNING:Simulator:29 - at 390.000 ns: Warning: Timing violation in
   /pipeline_tb/uut/dmem_inst/inst/  $recovery( CLKB:390.000 ns, CLKA:390.000
   ns,1.000 ns)

WARNING:Simulator:29 - at 390.000 ns: Warning: Timing violation in
   /pipeline_tb/uut/dmem_inst/inst/  $recovery( CLKA:390.000 ns, CLKB:390.000
   ns,1.000 ns)

WARNING:Simulator:29 - at 400.000 ns: Warning: Timing violation in
   /pipeline_tb/uut/dmem_inst/inst/  $recovery( CLKB:400.000 ns, CLKA:400.000
   ns,1.000 ns)

WARNING:Simulator:29 - at 400.000 ns: Warning: Timing violation in
   /pipeline_tb/uut/dmem_inst/inst/  $recovery( CLKA:400.000 ns, CLKB:400.000
   ns,1.000 ns)

WARNING:Simulator:29 - at 410.000 ns: Warning: Timing violation in
   /pipeline_tb/uut/dmem_inst/inst/  $recovery( CLKB:410.000 ns, CLKA:410.000
   ns,1.000 ns)

WARNING:Simulator:29 - at 410.000 ns: Warning: Timing violation in
   /pipeline_tb/uut/dmem_inst/inst/  $recovery( CLKA:410.000 ns, CLKB:410.000
   ns,1.000 ns)

isimrun 1000 ns 
WARNING:Simulator:29 - at 420.000 ns: Warning: Timing violation in
   /pipeline_tb/uut/dmem_inst/inst/  $recovery( CLKB:420.000 ns, CLKA:420.000
   ns,1.000 ns)

WARNING:Simulator:29 - at 420.000 ns: Warning: Timing violation in
   /pipeline_tb/uut/dmem_inst/inst/  $recovery( CLKA:420.000 ns, CLKB:420.000
   ns,1.000 ns)

WARNING:Simulator:29 - at 430.000 ns: Warning: Timing violation in
   /pipeline_tb/uut/dmem_inst/inst/  $recovery( CLKB:430.000 ns, CLKA:430.000
   ns,1.000 ns)

WARNING:Simulator:29 - at 430.000 ns: Warning: Timing violation in
   /pipeline_tb/uut/dmem_inst/inst/  $recovery( CLKA:430.000 ns, CLKB:430.000
   ns,1.000 ns)

WARNING:Simulator:29 - at 440.000 ns: Warning: Timing violation in
   /pipeline_tb/uut/dmem_inst/inst/  $recovery( CLKB:440.000 ns, CLKA:440.000
   ns,1.000 ns)

WARNING:Simulator:29 - at 440.000 ns: Warning: Timing violation in
   /pipeline_tb/uut/dmem_inst/inst/  $recovery( CLKA:440.000 ns, CLKB:440.000
   ns,1.000 ns)

WARNING:Simulator:29 - at 450.000 ns: Warning: Timing violation in
   /pipeline_tb/uut/dmem_inst/inst/  $recovery( CLKB:450.000 ns, CLKA:450.000
   ns,1.000 ns)

WARNING:Simulator:29 - at 450.000 ns: Warning: Timing violation in
   /pipeline_tb/uut/dmem_inst/inst/  $recovery( CLKA:450.000 ns, CLKB:450.000
   ns,1.000 ns)

WARNING:Simulator:29 - at 460.000 ns: Warning: Timing violation in
   /pipeline_tb/uut/dmem_inst/inst/  $recovery( CLKB:460.000 ns, CLKA:460.000
   ns,1.000 ns)

WARNING:Simulator:29 - at 460.000 ns: Warning: Timing violation in
   /pipeline_tb/uut/dmem_inst/inst/  $recovery( CLKA:460.000 ns, CLKB:460.000
   ns,1.000 ns)

WARNING:Simulator:29 - at 470.000 ns: Warning: Timing violation in
   /pipeline_tb/uut/dmem_inst/inst/  $recovery( CLKB:470.000 ns, CLKA:470.000
   ns,1.000 ns)

WARNING:Simulator:29 - at 470.000 ns: Warning: Timing violation in
   /pipeline_tb/uut/dmem_inst/inst/  $recovery( CLKA:470.000 ns, CLKB:470.000
   ns,1.000 ns)

WARNING:Simulator:29 - at 480.000 ns: Warning: Timing violation in
   /pipeline_tb/uut/dmem_inst/inst/  $recovery( CLKB:480.000 ns, CLKA:480.000
   ns,1.000 ns)

WARNING:Simulator:29 - at 480.000 ns: Warning: Timing violation in
   /pipeline_tb/uut/dmem_inst/inst/  $recovery( CLKA:480.000 ns, CLKB:480.000
   ns,1.000 ns)

WARNING:Simulator:29 - at 490.000 ns: Warning: Timing violation in
   /pipeline_tb/uut/dmem_inst/inst/  $recovery( CLKB:490.000 ns, CLKA:490.000
   ns,1.000 ns)

WARNING:Simulator:29 - at 490.000 ns: Warning: Timing violation in
   /pipeline_tb/uut/dmem_inst/inst/  $recovery( CLKA:490.000 ns, CLKB:490.000
   ns,1.000 ns)

WARNING:Simulator:29 - at 500.000 ns: Warning: Timing violation in
   /pipeline_tb/uut/dmem_inst/inst/  $recovery( CLKB:500.000 ns, CLKA:500.000
   ns,1.000 ns)

WARNING:Simulator:29 - at 500.000 ns: Warning: Timing violation in
   /pipeline_tb/uut/dmem_inst/inst/  $recovery( CLKA:500.000 ns, CLKB:500.000
   ns,1.000 ns)

WARNING:Simulator:29 - at 510.000 ns: Warning: Timing violation in
   /pipeline_tb/uut/dmem_inst/inst/  $recovery( CLKB:510.000 ns, CLKA:510.000
   ns,1.000 ns)

WARNING:Simulator:29 - at 510.000 ns: Warning: Timing violation in
   /pipeline_tb/uut/dmem_inst/inst/  $recovery( CLKA:510.000 ns, CLKB:510.000
   ns,1.000 ns)

WARNING:Simulator:29 - at 520.000 ns: Warning: Timing violation in
   /pipeline_tb/uut/dmem_inst/inst/  $recovery( CLKB:520.000 ns, CLKA:520.000
   ns,1.000 ns)

WARNING:Simulator:29 - at 520.000 ns: Warning: Timing violation in
   /pipeline_tb/uut/dmem_inst/inst/  $recovery( CLKA:520.000 ns, CLKB:520.000
   ns,1.000 ns)

WARNING:Simulator:29 - at 530.000 ns: Warning: Timing violation in
   /pipeline_tb/uut/dmem_inst/inst/  $recovery( CLKB:530.000 ns, CLKA:530.000
   ns,1.000 ns)

WARNING:Simulator:29 - at 530.000 ns: Warning: Timing violation in
   /pipeline_tb/uut/dmem_inst/inst/  $recovery( CLKA:530.000 ns, CLKB:530.000
   ns,1.000 ns)

WARNING:Simulator:29 - at 540.000 ns: Warning: Timing violation in
   /pipeline_tb/uut/dmem_inst/inst/  $recovery( CLKB:540.000 ns, CLKA:540.000
   ns,1.000 ns)

WARNING:Simulator:29 - at 540.000 ns: Warning: Timing violation in
   /pipeline_tb/uut/dmem_inst/inst/  $recovery( CLKA:540.000 ns, CLKB:540.000
   ns,1.000 ns)

WARNING:Simulator:29 - at 550.000 ns: Warning: Timing violation in
   /pipeline_tb/uut/dmem_inst/inst/  $recovery( CLKB:550.000 ns, CLKA:550.000
   ns,1.000 ns)

WARNING:Simulator:29 - at 550.000 ns: Warning: Timing violation in
   /pipeline_tb/uut/dmem_inst/inst/  $recovery( CLKA:550.000 ns, CLKB:550.000
   ns,1.000 ns)

WARNING:Simulator:29 - at 560.000 ns: Warning: Timing violation in
   /pipeline_tb/uut/dmem_inst/inst/  $recovery( CLKB:560.000 ns, CLKA:560.000
   ns,1.000 ns)

WARNING:Simulator:29 - at 560.000 ns: Warning: Timing violation in
   /pipeline_tb/uut/dmem_inst/inst/  $recovery( CLKA:560.000 ns, CLKB:560.000
   ns,1.000 ns)

WARNING:Simulator:29 - at 570.000 ns: Warning: Timing violation in
   /pipeline_tb/uut/dmem_inst/inst/  $recovery( CLKB:570.000 ns, CLKA:570.000
   ns,1.000 ns)

WARNING:Simulator:29 - at 570.000 ns: Warning: Timing violation in
   /pipeline_tb/uut/dmem_inst/inst/  $recovery( CLKA:570.000 ns, CLKB:570.000
   ns,1.000 ns)

WARNING:Simulator:29 - at 580.000 ns: Warning: Timing violation in
   /pipeline_tb/uut/dmem_inst/inst/  $recovery( CLKB:580.000 ns, CLKA:580.000
   ns,1.000 ns)

WARNING:Simulator:29 - at 580.000 ns: Warning: Timing violation in
   /pipeline_tb/uut/dmem_inst/inst/  $recovery( CLKA:580.000 ns, CLKB:580.000
   ns,1.000 ns)

WARNING:Simulator:29 - at 590.000 ns: Warning: Timing violation in
   /pipeline_tb/uut/dmem_inst/inst/  $recovery( CLKB:590.000 ns, CLKA:590.000
   ns,1.000 ns)

WARNING:Simulator:29 - at 590.000 ns: Warning: Timing violation in
   /pipeline_tb/uut/dmem_inst/inst/  $recovery( CLKA:590.000 ns, CLKB:590.000
   ns,1.000 ns)

WARNING:Simulator:29 - at 600.000 ns: Warning: Timing violation in
   /pipeline_tb/uut/dmem_inst/inst/  $recovery( CLKB:600.000 ns, CLKA:600.000
   ns,1.000 ns)

WARNING:Simulator:29 - at 600.000 ns: Warning: Timing violation in
   /pipeline_tb/uut/dmem_inst/inst/  $recovery( CLKA:600.000 ns, CLKB:600.000
   ns,1.000 ns)

WARNING:Simulator:29 - at 610.000 ns: Warning: Timing violation in
   /pipeline_tb/uut/dmem_inst/inst/  $recovery( CLKB:610.000 ns, CLKA:610.000
   ns,1.000 ns)

WARNING:Simulator:29 - at 610.000 ns: Warning: Timing violation in
   /pipeline_tb/uut/dmem_inst/inst/  $recovery( CLKA:610.000 ns, CLKB:610.000
   ns,1.000 ns)

WARNING:Simulator:29 - at 620.000 ns: Warning: Timing violation in
   /pipeline_tb/uut/dmem_inst/inst/  $recovery( CLKB:620.000 ns, CLKA:620.000
   ns,1.000 ns)

WARNING:Simulator:29 - at 620.000 ns: Warning: Timing violation in
   /pipeline_tb/uut/dmem_inst/inst/  $recovery( CLKA:620.000 ns, CLKB:620.000
   ns,1.000 ns)

WARNING:Simulator:29 - at 630.000 ns: Warning: Timing violation in
   /pipeline_tb/uut/dmem_inst/inst/  $recovery( CLKB:630.000 ns, CLKA:630.000
   ns,1.000 ns)

WARNING:Simulator:29 - at 630.000 ns: Warning: Timing violation in
   /pipeline_tb/uut/dmem_inst/inst/  $recovery( CLKA:630.000 ns, CLKB:630.000
   ns,1.000 ns)

WARNING:Simulator:29 - at 640.000 ns: Warning: Timing violation in
   /pipeline_tb/uut/dmem_inst/inst/  $recovery( CLKB:640.000 ns, CLKA:640.000
   ns,1.000 ns)

WARNING:Simulator:29 - at 640.000 ns: Warning: Timing violation in
   /pipeline_tb/uut/dmem_inst/inst/  $recovery( CLKA:640.000 ns, CLKB:640.000
   ns,1.000 ns)

WARNING:Simulator:29 - at 650.000 ns: Warning: Timing violation in
   /pipeline_tb/uut/dmem_inst/inst/  $recovery( CLKB:650.000 ns, CLKA:650.000
   ns,1.000 ns)

WARNING:Simulator:29 - at 650.000 ns: Warning: Timing violation in
   /pipeline_tb/uut/dmem_inst/inst/  $recovery( CLKA:650.000 ns, CLKB:650.000
   ns,1.000 ns)

WARNING:Simulator:29 - at 660.000 ns: Warning: Timing violation in
   /pipeline_tb/uut/dmem_inst/inst/  $recovery( CLKB:660.000 ns, CLKA:660.000
   ns,1.000 ns)

WARNING:Simulator:29 - at 660.000 ns: Warning: Timing violation in
   /pipeline_tb/uut/dmem_inst/inst/  $recovery( CLKA:660.000 ns, CLKB:660.000
   ns,1.000 ns)

WARNING:Simulator:29 - at 670.000 ns: Warning: Timing violation in
   /pipeline_tb/uut/dmem_inst/inst/  $recovery( CLKB:670.000 ns, CLKA:670.000
   ns,1.000 ns)

WARNING:Simulator:29 - at 670.000 ns: Warning: Timing violation in
   /pipeline_tb/uut/dmem_inst/inst/  $recovery( CLKA:670.000 ns, CLKB:670.000
   ns,1.000 ns)

WARNING:Simulator:29 - at 680.000 ns: Warning: Timing violation in
   /pipeline_tb/uut/dmem_inst/inst/  $recovery( CLKB:680.000 ns, CLKA:680.000
   ns,1.000 ns)

WARNING:Simulator:29 - at 680.000 ns: Warning: Timing violation in
   /pipeline_tb/uut/dmem_inst/inst/  $recovery( CLKA:680.000 ns, CLKB:680.000
   ns,1.000 ns)

WARNING:Simulator:29 - at 690.000 ns: Warning: Timing violation in
   /pipeline_tb/uut/dmem_inst/inst/  $recovery( CLKB:690.000 ns, CLKA:690.000
   ns,1.000 ns)

WARNING:Simulator:29 - at 690.000 ns: Warning: Timing violation in
   /pipeline_tb/uut/dmem_inst/inst/  $recovery( CLKA:690.000 ns, CLKB:690.000
   ns,1.000 ns)

WARNING:Simulator:29 - at 700.000 ns: Warning: Timing violation in
   /pipeline_tb/uut/dmem_inst/inst/  $recovery( CLKB:700.000 ns, CLKA:700.000
   ns,1.000 ns)

WARNING:Simulator:29 - at 700.000 ns: Warning: Timing violation in
   /pipeline_tb/uut/dmem_inst/inst/  $recovery( CLKA:700.000 ns, CLKB:700.000
   ns,1.000 ns)

WARNING:Simulator:29 - at 710.000 ns: Warning: Timing violation in
   /pipeline_tb/uut/dmem_inst/inst/  $recovery( CLKB:710.000 ns, CLKA:710.000
   ns,1.000 ns)

WARNING:Simulator:29 - at 710.000 ns: Warning: Timing violation in
   /pipeline_tb/uut/dmem_inst/inst/  $recovery( CLKA:710.000 ns, CLKB:710.000
   ns,1.000 ns)

WARNING:Simulator:29 - at 720.000 ns: Warning: Timing violation in
   /pipeline_tb/uut/dmem_inst/inst/  $recovery( CLKB:720.000 ns, CLKA:720.000
   ns,1.000 ns)

WARNING:Simulator:29 - at 720.000 ns: Warning: Timing violation in
   /pipeline_tb/uut/dmem_inst/inst/  $recovery( CLKA:720.000 ns, CLKB:720.000
   ns,1.000 ns)

WARNING:Simulator:29 - at 730.000 ns: Warning: Timing violation in
   /pipeline_tb/uut/dmem_inst/inst/  $recovery( CLKB:730.000 ns, CLKA:730.000
   ns,1.000 ns)

WARNING:Simulator:29 - at 730.000 ns: Warning: Timing violation in
   /pipeline_tb/uut/dmem_inst/inst/  $recovery( CLKA:730.000 ns, CLKB:730.000
   ns,1.000 ns)

WARNING:Simulator:29 - at 740.000 ns: Warning: Timing violation in
   /pipeline_tb/uut/dmem_inst/inst/  $recovery( CLKB:740.000 ns, CLKA:740.000
   ns,1.000 ns)

WARNING:Simulator:29 - at 740.000 ns: Warning: Timing violation in
   /pipeline_tb/uut/dmem_inst/inst/  $recovery( CLKA:740.000 ns, CLKB:740.000
   ns,1.000 ns)

WARNING:Simulator:29 - at 750.000 ns: Warning: Timing violation in
   /pipeline_tb/uut/dmem_inst/inst/  $recovery( CLKB:750.000 ns, CLKA:750.000
   ns,1.000 ns)

WARNING:Simulator:29 - at 750.000 ns: Warning: Timing violation in
   /pipeline_tb/uut/dmem_inst/inst/  $recovery( CLKA:750.000 ns, CLKB:750.000
   ns,1.000 ns)

WARNING:Simulator:29 - at 760.000 ns: Warning: Timing violation in
   /pipeline_tb/uut/dmem_inst/inst/  $recovery( CLKB:760.000 ns, CLKA:760.000
   ns,1.000 ns)

WARNING:Simulator:29 - at 760.000 ns: Warning: Timing violation in
   /pipeline_tb/uut/dmem_inst/inst/  $recovery( CLKA:760.000 ns, CLKB:760.000
   ns,1.000 ns)

WARNING:Simulator:29 - at 770.000 ns: Warning: Timing violation in
   /pipeline_tb/uut/dmem_inst/inst/  $recovery( CLKB:770.000 ns, CLKA:770.000
   ns,1.000 ns)

WARNING:Simulator:29 - at 770.000 ns: Warning: Timing violation in
   /pipeline_tb/uut/dmem_inst/inst/  $recovery( CLKA:770.000 ns, CLKB:770.000
   ns,1.000 ns)

WARNING:Simulator:29 - at 780.000 ns: Warning: Timing violation in
   /pipeline_tb/uut/dmem_inst/inst/  $recovery( CLKB:780.000 ns, CLKA:780.000
   ns,1.000 ns)

WARNING:Simulator:29 - at 780.000 ns: Warning: Timing violation in
   /pipeline_tb/uut/dmem_inst/inst/  $recovery( CLKA:780.000 ns, CLKB:780.000
   ns,1.000 ns)

WARNING:Simulator:29 - at 790.000 ns: Warning: Timing violation in
   /pipeline_tb/uut/dmem_inst/inst/  $recovery( CLKB:790.000 ns, CLKA:790.000
   ns,1.000 ns)

WARNING:Simulator:29 - at 790.000 ns: Warning: Timing violation in
   /pipeline_tb/uut/dmem_inst/inst/  $recovery( CLKA:790.000 ns, CLKB:790.000
   ns,1.000 ns)

WARNING:Simulator:29 - at 800.000 ns: Warning: Timing violation in
   /pipeline_tb/uut/dmem_inst/inst/  $recovery( CLKB:800.000 ns, CLKA:800.000
   ns,1.000 ns)

WARNING:Simulator:29 - at 800.000 ns: Warning: Timing violation in
   /pipeline_tb/uut/dmem_inst/inst/  $recovery( CLKA:800.000 ns, CLKB:800.000
   ns,1.000 ns)

WARNING:Simulator:29 - at 810.000 ns: Warning: Timing violation in
   /pipeline_tb/uut/dmem_inst/inst/  $recovery( CLKB:810.000 ns, CLKA:810.000
   ns,1.000 ns)

WARNING:Simulator:29 - at 810.000 ns: Warning: Timing violation in
   /pipeline_tb/uut/dmem_inst/inst/  $recovery( CLKA:810.000 ns, CLKB:810.000
   ns,1.000 ns)

WARNING:Simulator:29 - at 820.000 ns: Warning: Timing violation in
   /pipeline_tb/uut/dmem_inst/inst/  $recovery( CLKB:820.000 ns, CLKA:820.000
   ns,1.000 ns)

WARNING:Simulator:29 - at 820.000 ns: Warning: Timing violation in
   /pipeline_tb/uut/dmem_inst/inst/  $recovery( CLKA:820.000 ns, CLKB:820.000
   ns,1.000 ns)

WARNING:Simulator:29 - at 830.000 ns: Warning: Timing violation in
   /pipeline_tb/uut/dmem_inst/inst/  $recovery( CLKB:830.000 ns, CLKA:830.000
   ns,1.000 ns)

WARNING:Simulator:29 - at 830.000 ns: Warning: Timing violation in
   /pipeline_tb/uut/dmem_inst/inst/  $recovery( CLKA:830.000 ns, CLKB:830.000
   ns,1.000 ns)

WARNING:Simulator:29 - at 840.000 ns: Warning: Timing violation in
   /pipeline_tb/uut/dmem_inst/inst/  $recovery( CLKB:840.000 ns, CLKA:840.000
   ns,1.000 ns)

WARNING:Simulator:29 - at 840.000 ns: Warning: Timing violation in
   /pipeline_tb/uut/dmem_inst/inst/  $recovery( CLKA:840.000 ns, CLKB:840.000
   ns,1.000 ns)

WARNING:Simulator:29 - at 850.000 ns: Warning: Timing violation in
   /pipeline_tb/uut/dmem_inst/inst/  $recovery( CLKB:850.000 ns, CLKA:850.000
   ns,1.000 ns)

WARNING:Simulator:29 - at 850.000 ns: Warning: Timing violation in
   /pipeline_tb/uut/dmem_inst/inst/  $recovery( CLKA:850.000 ns, CLKB:850.000
   ns,1.000 ns)

WARNING:Simulator:29 - at 860.000 ns: Warning: Timing violation in
   /pipeline_tb/uut/dmem_inst/inst/  $recovery( CLKB:860.000 ns, CLKA:860.000
   ns,1.000 ns)

WARNING:Simulator:29 - at 860.000 ns: Warning: Timing violation in
   /pipeline_tb/uut/dmem_inst/inst/  $recovery( CLKA:860.000 ns, CLKB:860.000
   ns,1.000 ns)

WARNING:Simulator:29 - at 870.000 ns: Warning: Timing violation in
   /pipeline_tb/uut/dmem_inst/inst/  $recovery( CLKB:870.000 ns, CLKA:870.000
   ns,1.000 ns)

WARNING:Simulator:29 - at 870.000 ns: Warning: Timing violation in
   /pipeline_tb/uut/dmem_inst/inst/  $recovery( CLKA:870.000 ns, CLKB:870.000
   ns,1.000 ns)

WARNING:Simulator:29 - at 880.000 ns: Warning: Timing violation in
   /pipeline_tb/uut/dmem_inst/inst/  $recovery( CLKB:880.000 ns, CLKA:880.000
   ns,1.000 ns)

WARNING:Simulator:29 - at 880.000 ns: Warning: Timing violation in
   /pipeline_tb/uut/dmem_inst/inst/  $recovery( CLKA:880.000 ns, CLKB:880.000
   ns,1.000 ns)

WARNING:Simulator:29 - at 890.000 ns: Warning: Timing violation in
   /pipeline_tb/uut/dmem_inst/inst/  $recovery( CLKB:890.000 ns, CLKA:890.000
   ns,1.000 ns)

WARNING:Simulator:29 - at 890.000 ns: Warning: Timing violation in
   /pipeline_tb/uut/dmem_inst/inst/  $recovery( CLKA:890.000 ns, CLKB:890.000
   ns,1.000 ns)

WARNING:Simulator:29 - at 900.000 ns: Warning: Timing violation in
   /pipeline_tb/uut/dmem_inst/inst/  $recovery( CLKB:900.000 ns, CLKA:900.000
   ns,1.000 ns)

WARNING:Simulator:29 - at 900.000 ns: Warning: Timing violation in
   /pipeline_tb/uut/dmem_inst/inst/  $recovery( CLKA:900.000 ns, CLKB:900.000
   ns,1.000 ns)

WARNING:Simulator:29 - at 910.000 ns: Warning: Timing violation in
   /pipeline_tb/uut/dmem_inst/inst/  $recovery( CLKB:910.000 ns, CLKA:910.000
   ns,1.000 ns)

WARNING:Simulator:29 - at 910.000 ns: Warning: Timing violation in
   /pipeline_tb/uut/dmem_inst/inst/  $recovery( CLKA:910.000 ns, CLKB:910.000
   ns,1.000 ns)

WARNING:Simulator:29 - at 920.000 ns: Warning: Timing violation in
   /pipeline_tb/uut/dmem_inst/inst/  $recovery( CLKB:920.000 ns, CLKA:920.000
   ns,1.000 ns)

WARNING:Simulator:29 - at 920.000 ns: Warning: Timing violation in
   /pipeline_tb/uut/dmem_inst/inst/  $recovery( CLKA:920.000 ns, CLKB:920.000
   ns,1.000 ns)

WARNING:Simulator:29 - at 930.000 ns: Warning: Timing violation in
   /pipeline_tb/uut/dmem_inst/inst/  $recovery( CLKB:930.000 ns, CLKA:930.000
   ns,1.000 ns)

WARNING:Simulator:29 - at 930.000 ns: Warning: Timing violation in
   /pipeline_tb/uut/dmem_inst/inst/  $recovery( CLKA:930.000 ns, CLKB:930.000
   ns,1.000 ns)

WARNING:Simulator:29 - at 940.000 ns: Warning: Timing violation in
   /pipeline_tb/uut/dmem_inst/inst/  $recovery( CLKB:940.000 ns, CLKA:940.000
   ns,1.000 ns)

WARNING:Simulator:29 - at 940.000 ns: Warning: Timing violation in
   /pipeline_tb/uut/dmem_inst/inst/  $recovery( CLKA:940.000 ns, CLKB:940.000
   ns,1.000 ns)

WARNING:Simulator:29 - at 950.000 ns: Warning: Timing violation in
   /pipeline_tb/uut/dmem_inst/inst/  $recovery( CLKB:950.000 ns, CLKA:950.000
   ns,1.000 ns)

WARNING:Simulator:29 - at 950.000 ns: Warning: Timing violation in
   /pipeline_tb/uut/dmem_inst/inst/  $recovery( CLKA:950.000 ns, CLKB:950.000
   ns,1.000 ns)

WARNING:Simulator:29 - at 960.000 ns: Warning: Timing violation in
   /pipeline_tb/uut/dmem_inst/inst/  $recovery( CLKB:960.000 ns, CLKA:960.000
   ns,1.000 ns)

WARNING:Simulator:29 - at 960.000 ns: Warning: Timing violation in
   /pipeline_tb/uut/dmem_inst/inst/  $recovery( CLKA:960.000 ns, CLKB:960.000
   ns,1.000 ns)

WARNING:Simulator:29 - at 970.000 ns: Warning: Timing violation in
   /pipeline_tb/uut/dmem_inst/inst/  $recovery( CLKB:970.000 ns, CLKA:970.000
   ns,1.000 ns)

WARNING:Simulator:29 - at 970.000 ns: Warning: Timing violation in
   /pipeline_tb/uut/dmem_inst/inst/  $recovery( CLKA:970.000 ns, CLKB:970.000
   ns,1.000 ns)

WARNING:Simulator:29 - at 980.000 ns: Warning: Timing violation in
   /pipeline_tb/uut/dmem_inst/inst/  $recovery( CLKB:980.000 ns, CLKA:980.000
   ns,1.000 ns)

WARNING:Simulator:29 - at 980.000 ns: Warning: Timing violation in
   /pipeline_tb/uut/dmem_inst/inst/  $recovery( CLKA:980.000 ns, CLKB:980.000
   ns,1.000 ns)

WARNING:Simulator:29 - at 990.000 ns: Warning: Timing violation in
   /pipeline_tb/uut/dmem_inst/inst/  $recovery( CLKB:990.000 ns, CLKA:990.000
   ns,1.000 ns)

WARNING:Simulator:29 - at 990.000 ns: Warning: Timing violation in
   /pipeline_tb/uut/dmem_inst/inst/  $recovery( CLKA:990.000 ns, CLKB:990.000
   ns,1.000 ns)

WARNING:Simulator:29 - at 1.000 us: Warning: Timing violation in
   /pipeline_tb/uut/dmem_inst/inst/  $recovery( CLKB:1.000 us, CLKA:1.000
   us,1.000 ns)

WARNING:Simulator:29 - at 1.000 us: Warning: Timing violation in
   /pipeline_tb/uut/dmem_inst/inst/  $recovery( CLKA:1.000 us, CLKB:1.000
   us,1.000 ns)

WARNING:Simulator:29 - at 1.010 us: Warning: Timing violation in
   /pipeline_tb/uut/dmem_inst/inst/  $recovery( CLKB:1.010 us, CLKA:1.010
   us,1.000 ns)

WARNING:Simulator:29 - at 1.010 us: Warning: Timing violation in
   /pipeline_tb/uut/dmem_inst/inst/  $recovery( CLKA:1.010 us, CLKB:1.010
   us,1.000 ns)

WARNING:Simulator:29 - at 1.020 us: Warning: Timing violation in
   /pipeline_tb/uut/dmem_inst/inst/  $recovery( CLKB:1.020 us, CLKA:1.020
   us,1.000 ns)

WARNING:Simulator:29 - at 1.020 us: Warning: Timing violation in
   /pipeline_tb/uut/dmem_inst/inst/  $recovery( CLKA:1.020 us, CLKB:1.020
   us,1.000 ns)

WARNING:Simulator:29 - at 1.030 us: Warning: Timing violation in
   /pipeline_tb/uut/dmem_inst/inst/  $recovery( CLKB:1.030 us, CLKA:1.030
   us,1.000 ns)

WARNING:Simulator:29 - at 1.030 us: Warning: Timing violation in
   /pipeline_tb/uut/dmem_inst/inst/  $recovery( CLKA:1.030 us, CLKB:1.030
   us,1.000 ns)

WARNING:Simulator:29 - at 1.040 us: Warning: Timing violation in
   /pipeline_tb/uut/dmem_inst/inst/  $recovery( CLKB:1.040 us, CLKA:1.040
   us,1.000 ns)

WARNING:Simulator:29 - at 1.040 us: Warning: Timing violation in
   /pipeline_tb/uut/dmem_inst/inst/  $recovery( CLKA:1.040 us, CLKB:1.040
   us,1.000 ns)

WARNING:Simulator:29 - at 1.050 us: Warning: Timing violation in
   /pipeline_tb/uut/dmem_inst/inst/  $recovery( CLKB:1.050 us, CLKA:1.050
   us,1.000 ns)

WARNING:Simulator:29 - at 1.050 us: Warning: Timing violation in
   /pipeline_tb/uut/dmem_inst/inst/  $recovery( CLKA:1.050 us, CLKB:1.050
   us,1.000 ns)

WARNING:Simulator:29 - at 1.060 us: Warning: Timing violation in
   /pipeline_tb/uut/dmem_inst/inst/  $recovery( CLKB:1.060 us, CLKA:1.060
   us,1.000 ns)

WARNING:Simulator:29 - at 1.060 us: Warning: Timing violation in
   /pipeline_tb/uut/dmem_inst/inst/  $recovery( CLKA:1.060 us, CLKB:1.060
   us,1.000 ns)

WARNING:Simulator:29 - at 1.070 us: Warning: Timing violation in
   /pipeline_tb/uut/dmem_inst/inst/  $recovery( CLKB:1.070 us, CLKA:1.070
   us,1.000 ns)

WARNING:Simulator:29 - at 1.070 us: Warning: Timing violation in
   /pipeline_tb/uut/dmem_inst/inst/  $recovery( CLKA:1.070 us, CLKB:1.070
   us,1.000 ns)

WARNING:Simulator:29 - at 1.080 us: Warning: Timing violation in
   /pipeline_tb/uut/dmem_inst/inst/  $recovery( CLKB:1.080 us, CLKA:1.080
   us,1.000 ns)

WARNING:Simulator:29 - at 1.080 us: Warning: Timing violation in
   /pipeline_tb/uut/dmem_inst/inst/  $recovery( CLKA:1.080 us, CLKB:1.080
   us,1.000 ns)

WARNING:Simulator:29 - at 1.090 us: Warning: Timing violation in
   /pipeline_tb/uut/dmem_inst/inst/  $recovery( CLKB:1.090 us, CLKA:1.090
   us,1.000 ns)

WARNING:Simulator:29 - at 1.090 us: Warning: Timing violation in
   /pipeline_tb/uut/dmem_inst/inst/  $recovery( CLKA:1.090 us, CLKB:1.090
   us,1.000 ns)

WARNING:Simulator:29 - at 1.100 us: Warning: Timing violation in
   /pipeline_tb/uut/dmem_inst/inst/  $recovery( CLKB:1.100 us, CLKA:1.100
   us,1.000 ns)

WARNING:Simulator:29 - at 1.100 us: Warning: Timing violation in
   /pipeline_tb/uut/dmem_inst/inst/  $recovery( CLKA:1.100 us, CLKB:1.100
   us,1.000 ns)

WARNING:Simulator:29 - at 1.110 us: Warning: Timing violation in
   /pipeline_tb/uut/dmem_inst/inst/  $recovery( CLKB:1.110 us, CLKA:1.110
   us,1.000 ns)

WARNING:Simulator:29 - at 1.110 us: Warning: Timing violation in
   /pipeline_tb/uut/dmem_inst/inst/  $recovery( CLKA:1.110 us, CLKB:1.110
   us,1.000 ns)

WARNING:Simulator:29 - at 1.120 us: Warning: Timing violation in
   /pipeline_tb/uut/dmem_inst/inst/  $recovery( CLKB:1.120 us, CLKA:1.120
   us,1.000 ns)

WARNING:Simulator:29 - at 1.120 us: Warning: Timing violation in
   /pipeline_tb/uut/dmem_inst/inst/  $recovery( CLKA:1.120 us, CLKB:1.120
   us,1.000 ns)

WARNING:Simulator:29 - at 1.130 us: Warning: Timing violation in
   /pipeline_tb/uut/dmem_inst/inst/  $recovery( CLKB:1.130 us, CLKA:1.130
   us,1.000 ns)

WARNING:Simulator:29 - at 1.130 us: Warning: Timing violation in
   /pipeline_tb/uut/dmem_inst/inst/  $recovery( CLKA:1.130 us, CLKB:1.130
   us,1.000 ns)

WARNING:Simulator:29 - at 1.140 us: Warning: Timing violation in
   /pipeline_tb/uut/dmem_inst/inst/  $recovery( CLKB:1.140 us, CLKA:1.140
   us,1.000 ns)

WARNING:Simulator:29 - at 1.140 us: Warning: Timing violation in
   /pipeline_tb/uut/dmem_inst/inst/  $recovery( CLKA:1.140 us, CLKB:1.140
   us,1.000 ns)

WARNING:Simulator:29 - at 1.150 us: Warning: Timing violation in
   /pipeline_tb/uut/dmem_inst/inst/  $recovery( CLKB:1.150 us, CLKA:1.150
   us,1.000 ns)

WARNING:Simulator:29 - at 1.150 us: Warning: Timing violation in
   /pipeline_tb/uut/dmem_inst/inst/  $recovery( CLKA:1.150 us, CLKB:1.150
   us,1.000 ns)

WARNING:Simulator:29 - at 1.160 us: Warning: Timing violation in
   /pipeline_tb/uut/dmem_inst/inst/  $recovery( CLKB:1.160 us, CLKA:1.160
   us,1.000 ns)

WARNING:Simulator:29 - at 1.160 us: Warning: Timing violation in
   /pipeline_tb/uut/dmem_inst/inst/  $recovery( CLKA:1.160 us, CLKB:1.160
   us,1.000 ns)

WARNING:Simulator:29 - at 1.170 us: Warning: Timing violation in
   /pipeline_tb/uut/dmem_inst/inst/  $recovery( CLKB:1.170 us, CLKA:1.170
   us,1.000 ns)

WARNING:Simulator:29 - at 1.170 us: Warning: Timing violation in
   /pipeline_tb/uut/dmem_inst/inst/  $recovery( CLKA:1.170 us, CLKB:1.170
   us,1.000 ns)

WARNING:Simulator:29 - at 1.180 us: Warning: Timing violation in
   /pipeline_tb/uut/dmem_inst/inst/  $recovery( CLKB:1.180 us, CLKA:1.180
   us,1.000 ns)

WARNING:Simulator:29 - at 1.180 us: Warning: Timing violation in
   /pipeline_tb/uut/dmem_inst/inst/  $recovery( CLKA:1.180 us, CLKB:1.180
   us,1.000 ns)

WARNING:Simulator:29 - at 1.190 us: Warning: Timing violation in
   /pipeline_tb/uut/dmem_inst/inst/  $recovery( CLKB:1.190 us, CLKA:1.190
   us,1.000 ns)

WARNING:Simulator:29 - at 1.190 us: Warning: Timing violation in
   /pipeline_tb/uut/dmem_inst/inst/  $recovery( CLKA:1.190 us, CLKB:1.190
   us,1.000 ns)

WARNING:Simulator:29 - at 1.200 us: Warning: Timing violation in
   /pipeline_tb/uut/dmem_inst/inst/  $recovery( CLKB:1.200 us, CLKA:1.200
   us,1.000 ns)

WARNING:Simulator:29 - at 1.200 us: Warning: Timing violation in
   /pipeline_tb/uut/dmem_inst/inst/  $recovery( CLKA:1.200 us, CLKB:1.200
   us,1.000 ns)

WARNING:Simulator:29 - at 1.210 us: Warning: Timing violation in
   /pipeline_tb/uut/dmem_inst/inst/  $recovery( CLKB:1.210 us, CLKA:1.210
   us,1.000 ns)

WARNING:Simulator:29 - at 1.210 us: Warning: Timing violation in
   /pipeline_tb/uut/dmem_inst/inst/  $recovery( CLKA:1.210 us, CLKB:1.210
   us,1.000 ns)

WARNING:Simulator:29 - at 1.220 us: Warning: Timing violation in
   /pipeline_tb/uut/dmem_inst/inst/  $recovery( CLKB:1.220 us, CLKA:1.220
   us,1.000 ns)

WARNING:Simulator:29 - at 1.220 us: Warning: Timing violation in
   /pipeline_tb/uut/dmem_inst/inst/  $recovery( CLKA:1.220 us, CLKB:1.220
   us,1.000 ns)

WARNING:Simulator:29 - at 1.230 us: Warning: Timing violation in
   /pipeline_tb/uut/dmem_inst/inst/  $recovery( CLKB:1.230 us, CLKA:1.230
   us,1.000 ns)

WARNING:Simulator:29 - at 1.230 us: Warning: Timing violation in
   /pipeline_tb/uut/dmem_inst/inst/  $recovery( CLKA:1.230 us, CLKB:1.230
   us,1.000 ns)

WARNING:Simulator:29 - at 1.240 us: Warning: Timing violation in
   /pipeline_tb/uut/dmem_inst/inst/  $recovery( CLKB:1.240 us, CLKA:1.240
   us,1.000 ns)

WARNING:Simulator:29 - at 1.240 us: Warning: Timing violation in
   /pipeline_tb/uut/dmem_inst/inst/  $recovery( CLKA:1.240 us, CLKB:1.240
   us,1.000 ns)

WARNING:Simulator:29 - at 1.250 us: Warning: Timing violation in
   /pipeline_tb/uut/dmem_inst/inst/  $recovery( CLKB:1.250 us, CLKA:1.250
   us,1.000 ns)

WARNING:Simulator:29 - at 1.250 us: Warning: Timing violation in
   /pipeline_tb/uut/dmem_inst/inst/  $recovery( CLKA:1.250 us, CLKB:1.250
   us,1.000 ns)

WARNING:Simulator:29 - at 1.260 us: Warning: Timing violation in
   /pipeline_tb/uut/dmem_inst/inst/  $recovery( CLKB:1.260 us, CLKA:1.260
   us,1.000 ns)

WARNING:Simulator:29 - at 1.260 us: Warning: Timing violation in
   /pipeline_tb/uut/dmem_inst/inst/  $recovery( CLKA:1.260 us, CLKB:1.260
   us,1.000 ns)

WARNING:Simulator:29 - at 1.270 us: Warning: Timing violation in
   /pipeline_tb/uut/dmem_inst/inst/  $recovery( CLKB:1.270 us, CLKA:1.270
   us,1.000 ns)

WARNING:Simulator:29 - at 1.270 us: Warning: Timing violation in
   /pipeline_tb/uut/dmem_inst/inst/  $recovery( CLKA:1.270 us, CLKB:1.270
   us,1.000 ns)

WARNING:Simulator:29 - at 1.280 us: Warning: Timing violation in
   /pipeline_tb/uut/dmem_inst/inst/  $recovery( CLKB:1.280 us, CLKA:1.280
   us,1.000 ns)

WARNING:Simulator:29 - at 1.280 us: Warning: Timing violation in
   /pipeline_tb/uut/dmem_inst/inst/  $recovery( CLKA:1.280 us, CLKB:1.280
   us,1.000 ns)

WARNING:Simulator:29 - at 1.290 us: Warning: Timing violation in
   /pipeline_tb/uut/dmem_inst/inst/  $recovery( CLKB:1.290 us, CLKA:1.290
   us,1.000 ns)

WARNING:Simulator:29 - at 1.290 us: Warning: Timing violation in
   /pipeline_tb/uut/dmem_inst/inst/  $recovery( CLKA:1.290 us, CLKB:1.290
   us,1.000 ns)

WARNING:Simulator:29 - at 1.300 us: Warning: Timing violation in
   /pipeline_tb/uut/dmem_inst/inst/  $recovery( CLKB:1.300 us, CLKA:1.300
   us,1.000 ns)

WARNING:Simulator:29 - at 1.300 us: Warning: Timing violation in
   /pipeline_tb/uut/dmem_inst/inst/  $recovery( CLKA:1.300 us, CLKB:1.300
   us,1.000 ns)

WARNING:Simulator:29 - at 1.310 us: Warning: Timing violation in
   /pipeline_tb/uut/dmem_inst/inst/  $recovery( CLKB:1.310 us, CLKA:1.310
   us,1.000 ns)

WARNING:Simulator:29 - at 1.310 us: Warning: Timing violation in
   /pipeline_tb/uut/dmem_inst/inst/  $recovery( CLKA:1.310 us, CLKB:1.310
   us,1.000 ns)

WARNING:Simulator:29 - at 1.320 us: Warning: Timing violation in
   /pipeline_tb/uut/dmem_inst/inst/  $recovery( CLKB:1.320 us, CLKA:1.320
   us,1.000 ns)

WARNING:Simulator:29 - at 1.320 us: Warning: Timing violation in
   /pipeline_tb/uut/dmem_inst/inst/  $recovery( CLKA:1.320 us, CLKB:1.320
   us,1.000 ns)

WARNING:Simulator:29 - at 1.330 us: Warning: Timing violation in
   /pipeline_tb/uut/dmem_inst/inst/  $recovery( CLKB:1.330 us, CLKA:1.330
   us,1.000 ns)

WARNING:Simulator:29 - at 1.330 us: Warning: Timing violation in
   /pipeline_tb/uut/dmem_inst/inst/  $recovery( CLKA:1.330 us, CLKB:1.330
   us,1.000 ns)

WARNING:Simulator:29 - at 1.340 us: Warning: Timing violation in
   /pipeline_tb/uut/dmem_inst/inst/  $recovery( CLKB:1.340 us, CLKA:1.340
   us,1.000 ns)

WARNING:Simulator:29 - at 1.340 us: Warning: Timing violation in
   /pipeline_tb/uut/dmem_inst/inst/  $recovery( CLKA:1.340 us, CLKB:1.340
   us,1.000 ns)

WARNING:Simulator:29 - at 1.350 us: Warning: Timing violation in
   /pipeline_tb/uut/dmem_inst/inst/  $recovery( CLKB:1.350 us, CLKA:1.350
   us,1.000 ns)

WARNING:Simulator:29 - at 1.350 us: Warning: Timing violation in
   /pipeline_tb/uut/dmem_inst/inst/  $recovery( CLKA:1.350 us, CLKB:1.350
   us,1.000 ns)

WARNING:Simulator:29 - at 1.360 us: Warning: Timing violation in
   /pipeline_tb/uut/dmem_inst/inst/  $recovery( CLKB:1.360 us, CLKA:1.360
   us,1.000 ns)

WARNING:Simulator:29 - at 1.360 us: Warning: Timing violation in
   /pipeline_tb/uut/dmem_inst/inst/  $recovery( CLKA:1.360 us, CLKB:1.360
   us,1.000 ns)

WARNING:Simulator:29 - at 1.370 us: Warning: Timing violation in
   /pipeline_tb/uut/dmem_inst/inst/  $recovery( CLKB:1.370 us, CLKA:1.370
   us,1.000 ns)

WARNING:Simulator:29 - at 1.370 us: Warning: Timing violation in
   /pipeline_tb/uut/dmem_inst/inst/  $recovery( CLKA:1.370 us, CLKB:1.370
   us,1.000 ns)

WARNING:Simulator:29 - at 1.380 us: Warning: Timing violation in
   /pipeline_tb/uut/dmem_inst/inst/  $recovery( CLKB:1.380 us, CLKA:1.380
   us,1.000 ns)

WARNING:Simulator:29 - at 1.380 us: Warning: Timing violation in
   /pipeline_tb/uut/dmem_inst/inst/  $recovery( CLKA:1.380 us, CLKB:1.380
   us,1.000 ns)

WARNING:Simulator:29 - at 1.390 us: Warning: Timing violation in
   /pipeline_tb/uut/dmem_inst/inst/  $recovery( CLKB:1.390 us, CLKA:1.390
   us,1.000 ns)

WARNING:Simulator:29 - at 1.390 us: Warning: Timing violation in
   /pipeline_tb/uut/dmem_inst/inst/  $recovery( CLKA:1.390 us, CLKB:1.390
   us,1.000 ns)

WARNING:Simulator:29 - at 1.400 us: Warning: Timing violation in
   /pipeline_tb/uut/dmem_inst/inst/  $recovery( CLKB:1.400 us, CLKA:1.400
   us,1.000 ns)

WARNING:Simulator:29 - at 1.400 us: Warning: Timing violation in
   /pipeline_tb/uut/dmem_inst/inst/  $recovery( CLKA:1.400 us, CLKB:1.400
   us,1.000 ns)

WARNING:Simulator:29 - at 1.410 us: Warning: Timing violation in
   /pipeline_tb/uut/dmem_inst/inst/  $recovery( CLKB:1.410 us, CLKA:1.410
   us,1.000 ns)

WARNING:Simulator:29 - at 1.410 us: Warning: Timing violation in
   /pipeline_tb/uut/dmem_inst/inst/  $recovery( CLKA:1.410 us, CLKB:1.410
   us,1.000 ns)


 Total Simulation Time: 0.125 sec

 Current Memory Usage: 156.234 Meg

Fri Feb 13 00:19:44 2026

