This is a Full version of ISE Simulator(ISim).
Simulator is doing circuit initialization process.
SIMD_ALU1 LOADED FROM CORRECT FILE
Finished circuit initialization process.
T=5000 | PC=x | instr=xxxxxxxx | stall=x hazard=x tensor=0
Haz A=x B=x C=x D=x E=x F=x
WARNING:Simulator:29 - at 5.000 ns: Warning: Timing violation in
   /tb_gpu/DUT/DM/inst/  $recovery( CLKB:5.000 ns, CLKA:5.000 ns,1.000 ns)
WARNING:Simulator:29 - at 5.000 ns: Warning: Timing violation in
   /tb_gpu/DUT/DM/inst/  $recovery( CLKA:5.000 ns, CLKB:5.000 ns,1.000 ns)
WARNING:Simulator:29 - at 10.000 ns: Warning: Timing violation in
   /tb_gpu/DUT/DM/inst/  $recovery( CLKB:10.000 ns, CLKA:10.000 ns,1.000 ns)
WARNING:Simulator:29 - at 10.000 ns: Warning: Timing violation in
   /tb_gpu/DUT/DM/inst/  $recovery( CLKA:10.000 ns, CLKB:10.000 ns,1.000 ns)
T=15000 | PC=0 | instr=00000000 | stall=0 hazard=0 tensor=0
Haz A=0 B=0 C=0 D=0 E=0 F=0
WARNING:Simulator:29 - at 15.000 ns: Warning: Timing violation in
   /tb_gpu/DUT/DM/inst/  $recovery( CLKB:15.000 ns, CLKA:15.000 ns,1.000 ns)
WARNING:Simulator:29 - at 15.000 ns: Warning: Timing violation in
   /tb_gpu/DUT/DM/inst/  $recovery( CLKA:15.000 ns, CLKB:15.000 ns,1.000 ns)
WARNING:Simulator:29 - at 20.000 ns: Warning: Timing violation in
   /tb_gpu/DUT/DM/inst/  $recovery( CLKB:20.000 ns, CLKA:20.000 ns,1.000 ns)
WARNING:Simulator:29 - at 20.000 ns: Warning: Timing violation in
   /tb_gpu/DUT/DM/inst/  $recovery( CLKA:20.000 ns, CLKB:20.000 ns,1.000 ns)
T=25000 | PC=0 | instr=00000000 | stall=0 hazard=0 tensor=0
Haz A=0 B=0 C=0 D=0 E=0 F=0
WARNING:Simulator:29 - at 25.000 ns: Warning: Timing violation in
   /tb_gpu/DUT/DM/inst/  $recovery( CLKB:25.000 ns, CLKA:25.000 ns,1.000 ns)
WARNING:Simulator:29 - at 25.000 ns: Warning: Timing violation in
   /tb_gpu/DUT/DM/inst/  $recovery( CLKA:25.000 ns, CLKB:25.000 ns,1.000 ns)
WARNING:Simulator:29 - at 30.000 ns: Warning: Timing violation in
   /tb_gpu/DUT/DM/inst/  $recovery( CLKB:30.000 ns, CLKA:30.000 ns,1.000 ns)
WARNING:Simulator:29 - at 30.000 ns: Warning: Timing violation in
   /tb_gpu/DUT/DM/inst/  $recovery( CLKA:30.000 ns, CLKB:30.000 ns,1.000 ns)
T=35000 | PC=0 | instr=00000000 | stall=0 hazard=0 tensor=0
Haz A=0 B=0 C=0 D=0 E=0 F=0
WARNING:Simulator:29 - at 35.000 ns: Warning: Timing violation in
   /tb_gpu/DUT/DM/inst/  $recovery( CLKB:35.000 ns, CLKA:35.000 ns,1.000 ns)
WARNING:Simulator:29 - at 35.000 ns: Warning: Timing violation in
   /tb_gpu/DUT/DM/inst/  $recovery( CLKA:35.000 ns, CLKB:35.000 ns,1.000 ns)
WARNING:Simulator:29 - at 40.000 ns: Warning: Timing violation in
   /tb_gpu/DUT/DM/inst/  $recovery( CLKB:40.000 ns, CLKA:40.000 ns,1.000 ns)
WARNING:Simulator:29 - at 40.000 ns: Warning: Timing violation in
   /tb_gpu/DUT/DM/inst/  $recovery( CLKA:40.000 ns, CLKB:40.000 ns,1.000 ns)
T=45000 | PC=0 | instr=00000000 | stall=0 hazard=0 tensor=0
Haz A=0 B=0 C=0 D=0 E=0 F=0
WARNING:Simulator:29 - at 45.000 ns: Warning: Timing violation in
   /tb_gpu/DUT/DM/inst/  $recovery( CLKB:45.000 ns, CLKA:45.000 ns,1.000 ns)
WARNING:Simulator:29 - at 45.000 ns: Warning: Timing violation in
   /tb_gpu/DUT/DM/inst/  $recovery( CLKA:45.000 ns, CLKB:45.000 ns,1.000 ns)
WARNING:Simulator:29 - at 50.000 ns: Warning: Timing violation in
   /tb_gpu/DUT/DM/inst/  $recovery( CLKB:50.000 ns, CLKA:50.000 ns,1.000 ns)
WARNING:Simulator:29 - at 50.000 ns: Warning: Timing violation in
   /tb_gpu/DUT/DM/inst/  $recovery( CLKA:50.000 ns, CLKB:50.000 ns,1.000 ns)
T=55000 | PC=1 | instr=0110000a | stall=0 hazard=0 tensor=0
Haz A=0 B=0 C=0 D=0 E=0 F=0
WARNING:Simulator:29 - at 55.000 ns: Warning: Timing violation in
   /tb_gpu/DUT/DM/inst/  $recovery( CLKB:55.000 ns, CLKA:55.000 ns,1.000 ns)
WARNING:Simulator:29 - at 55.000 ns: Warning: Timing violation in
   /tb_gpu/DUT/DM/inst/  $recovery( CLKA:55.000 ns, CLKB:55.000 ns,1.000 ns)
[ALU1 t=55000] op=00110 srcA=0000000000000000 srcB=000a000a000a000a
[ALU1 t=55000] op=00110 srcA=0000000000000000 srcB=000a000a000a000a
WARNING:Simulator:29 - at 60.000 ns: Warning: Timing violation in
   /tb_gpu/DUT/DM/inst/  $recovery( CLKB:60.000 ns, CLKA:60.000 ns,1.000 ns)
WARNING:Simulator:29 - at 60.000 ns: Warning: Timing violation in
   /tb_gpu/DUT/DM/inst/  $recovery( CLKA:60.000 ns, CLKB:60.000 ns,1.000 ns)
T=65000 | PC=2 | instr=0110000a | stall=0 hazard=0 tensor=0
Haz A=1 B=0 C=0 D=0 E=0 F=0
WARNING:Simulator:29 - at 65.000 ns: Warning: Timing violation in
   /tb_gpu/DUT/DM/inst/  $recovery( CLKB:65.000 ns, CLKA:65.000 ns,1.000 ns)
WARNING:Simulator:29 - at 65.000 ns: Warning: Timing violation in
   /tb_gpu/DUT/DM/inst/  $recovery( CLKA:65.000 ns, CLKB:65.000 ns,1.000 ns)
WARNING:Simulator:29 - at 70.000 ns: Warning: Timing violation in
   /tb_gpu/DUT/DM/inst/  $recovery( CLKB:70.000 ns, CLKA:70.000 ns,1.000 ns)
WARNING:Simulator:29 - at 70.000 ns: Warning: Timing violation in
   /tb_gpu/DUT/DM/inst/  $recovery( CLKA:70.000 ns, CLKB:70.000 ns,1.000 ns)
T=75000 | PC=3 | instr=00000000 | stall=0 hazard=0 tensor=0
Haz A=1 B=1 C=0 D=0 E=0 F=0
WARNING:Simulator:29 - at 75.000 ns: Warning: Timing violation in
   /tb_gpu/DUT/DM/inst/  $recovery( CLKB:75.000 ns, CLKA:75.000 ns,1.000 ns)
WARNING:Simulator:29 - at 75.000 ns: Warning: Timing violation in
   /tb_gpu/DUT/DM/inst/  $recovery( CLKA:75.000 ns, CLKB:75.000 ns,1.000 ns)
WARNING:Simulator:29 - at 80.000 ns: Warning: Timing violation in
   /tb_gpu/DUT/DM/inst/  $recovery( CLKB:80.000 ns, CLKA:80.000 ns,1.000 ns)
WARNING:Simulator:29 - at 80.000 ns: Warning: Timing violation in
   /tb_gpu/DUT/DM/inst/  $recovery( CLKA:80.000 ns, CLKB:80.000 ns,1.000 ns)
T=85000 | PC=4 | instr=00000000 | stall=0 hazard=0 tensor=0
Haz A=0 B=1 C=1 D=0 E=0 F=0
WARNING:Simulator:29 - at 85.000 ns: Warning: Timing violation in
   /tb_gpu/DUT/DM/inst/  $recovery( CLKB:85.000 ns, CLKA:85.000 ns,1.000 ns)
WARNING:Simulator:29 - at 85.000 ns: Warning: Timing violation in
   /tb_gpu/DUT/DM/inst/  $recovery( CLKA:85.000 ns, CLKB:85.000 ns,1.000 ns)
WARNING:Simulator:29 - at 90.000 ns: Warning: Timing violation in
   /tb_gpu/DUT/DM/inst/  $recovery( CLKB:90.000 ns, CLKA:90.000 ns,1.000 ns)
WARNING:Simulator:29 - at 90.000 ns: Warning: Timing violation in
   /tb_gpu/DUT/DM/inst/  $recovery( CLKA:90.000 ns, CLKB:90.000 ns,1.000 ns)
T=95000 | PC=5 | instr=00000000 | stall=0 hazard=0 tensor=0
Haz A=0 B=0 C=1 D=1 E=0 F=0
WARNING:Simulator:29 - at 95.000 ns: Warning: Timing violation in
   /tb_gpu/DUT/DM/inst/  $recovery( CLKB:95.000 ns, CLKA:95.000 ns,1.000 ns)
WARNING:Simulator:29 - at 95.000 ns: Warning: Timing violation in
   /tb_gpu/DUT/DM/inst/  $recovery( CLKA:95.000 ns, CLKB:95.000 ns,1.000 ns)
WARNING:Simulator:29 - at 100.000 ns: Warning: Timing violation in
   /tb_gpu/DUT/DM/inst/  $recovery( CLKB:100.000 ns, CLKA:100.000 ns,1.000 ns)
WARNING:Simulator:29 - at 100.000 ns: Warning: Timing violation in
   /tb_gpu/DUT/DM/inst/  $recovery( CLKA:100.000 ns, CLKB:100.000 ns,1.000 ns)
T=105000 | PC=6 | instr=30211000 | stall=1 hazard=1 tensor=0
Haz A=0 B=0 C=0 D=1 E=1 F=0
WB: r1 = 000a000a000a000a
WARNING:Simulator:29 - at 105.000 ns: Warning: Timing violation in
   /tb_gpu/DUT/DM/inst/  $recovery( CLKB:105.000 ns, CLKA:105.000 ns,1.000 ns)
WARNING:Simulator:29 - at 105.000 ns: Warning: Timing violation in
   /tb_gpu/DUT/DM/inst/  $recovery( CLKA:105.000 ns, CLKB:105.000 ns,1.000 ns)
WARNING:Simulator:29 - at 110.000 ns: Warning: Timing violation in
   /tb_gpu/DUT/DM/inst/  $recovery( CLKB:110.000 ns, CLKA:110.000 ns,1.000 ns)
WARNING:Simulator:29 - at 110.000 ns: Warning: Timing violation in
   /tb_gpu/DUT/DM/inst/  $recovery( CLKA:110.000 ns, CLKB:110.000 ns,1.000 ns)
T=115000 | PC=6 | instr=30211000 | stall=1 hazard=1 tensor=0
Haz A=0 B=0 C=0 D=0 E=1 F=1
WB: r1 = 000a000a000a000a
WARNING:Simulator:29 - at 115.000 ns: Warning: Timing violation in
   /tb_gpu/DUT/DM/inst/  $recovery( CLKB:115.000 ns, CLKA:115.000 ns,1.000 ns)
WARNING:Simulator:29 - at 115.000 ns: Warning: Timing violation in
   /tb_gpu/DUT/DM/inst/  $recovery( CLKA:115.000 ns, CLKB:115.000 ns,1.000 ns)
WARNING:Simulator:29 - at 120.000 ns: Warning: Timing violation in
   /tb_gpu/DUT/DM/inst/  $recovery( CLKB:120.000 ns, CLKA:120.000 ns,1.000 ns)
WARNING:Simulator:29 - at 120.000 ns: Warning: Timing violation in
   /tb_gpu/DUT/DM/inst/  $recovery( CLKA:120.000 ns, CLKB:120.000 ns,1.000 ns)
T=125000 | PC=6 | instr=30211000 | stall=1 hazard=1 tensor=0
Haz A=0 B=0 C=0 D=0 E=0 F=1
WARNING:Simulator:29 - at 125.000 ns: Warning: Timing violation in
   /tb_gpu/DUT/DM/inst/  $recovery( CLKB:125.000 ns, CLKA:125.000 ns,1.000 ns)
WARNING:Simulator:29 - at 125.000 ns: Warning: Timing violation in
   /tb_gpu/DUT/DM/inst/  $recovery( CLKA:125.000 ns, CLKB:125.000 ns,1.000 ns)
WARNING:Simulator:29 - at 130.000 ns: Warning: Timing violation in
   /tb_gpu/DUT/DM/inst/  $recovery( CLKB:130.000 ns, CLKA:130.000 ns,1.000 ns)
WARNING:Simulator:29 - at 130.000 ns: Warning: Timing violation in
   /tb_gpu/DUT/DM/inst/  $recovery( CLKA:130.000 ns, CLKB:130.000 ns,1.000 ns)
T=135000 | PC=6 | instr=30211000 | stall=0 hazard=0 tensor=0
Haz A=0 B=0 C=0 D=0 E=0 F=0
WARNING:Simulator:29 - at 135.000 ns: Warning: Timing violation in
   /tb_gpu/DUT/DM/inst/  $recovery( CLKB:135.000 ns, CLKA:135.000 ns,1.000 ns)
WARNING:Simulator:29 - at 135.000 ns: Warning: Timing violation in
   /tb_gpu/DUT/DM/inst/  $recovery( CLKA:135.000 ns, CLKB:135.000 ns,1.000 ns)
[ALU1 t=135000] op=00110 srcA=000a000a000a000a srcB=000a000a000a000a
[ALU1 t=135000] op=00110 srcA=000a000a000a000a srcB=000a000a000a000a
WARNING:Simulator:29 - at 140.000 ns: Warning: Timing violation in
   /tb_gpu/DUT/DM/inst/  $recovery( CLKB:140.000 ns, CLKA:140.000 ns,1.000 ns)
WARNING:Simulator:29 - at 140.000 ns: Warning: Timing violation in
   /tb_gpu/DUT/DM/inst/  $recovery( CLKA:140.000 ns, CLKB:140.000 ns,1.000 ns)
T=145000 | PC=7 | instr=00000000 | stall=0 hazard=0 tensor=0
Haz A=2 B=0 C=0 D=0 E=0 F=0
WARNING:Simulator:29 - at 145.000 ns: Warning: Timing violation in
   /tb_gpu/DUT/DM/inst/  $recovery( CLKB:145.000 ns, CLKA:145.000 ns,1.000 ns)
WARNING:Simulator:29 - at 145.000 ns: Warning: Timing violation in
   /tb_gpu/DUT/DM/inst/  $recovery( CLKA:145.000 ns, CLKB:145.000 ns,1.000 ns)
WARNING:Simulator:29 - at 150.000 ns: Warning: Timing violation in
   /tb_gpu/DUT/DM/inst/  $recovery( CLKB:150.000 ns, CLKA:150.000 ns,1.000 ns)
WARNING:Simulator:29 - at 150.000 ns: Warning: Timing violation in
   /tb_gpu/DUT/DM/inst/  $recovery( CLKA:150.000 ns, CLKB:150.000 ns,1.000 ns)
T=155000 | PC=8 | instr=00000000 | stall=0 hazard=0 tensor=0
Haz A=0 B=2 C=0 D=0 E=0 F=0
WARNING:Simulator:29 - at 155.000 ns: Warning: Timing violation in
   /tb_gpu/DUT/DM/inst/  $recovery( CLKB:155.000 ns, CLKA:155.000 ns,1.000 ns)
WARNING:Simulator:29 - at 155.000 ns: Warning: Timing violation in
   /tb_gpu/DUT/DM/inst/  $recovery( CLKA:155.000 ns, CLKB:155.000 ns,1.000 ns)
WARNING:Simulator:29 - at 160.000 ns: Warning: Timing violation in
   /tb_gpu/DUT/DM/inst/  $recovery( CLKB:160.000 ns, CLKA:160.000 ns,1.000 ns)
WARNING:Simulator:29 - at 160.000 ns: Warning: Timing violation in
   /tb_gpu/DUT/DM/inst/  $recovery( CLKA:160.000 ns, CLKB:160.000 ns,1.000 ns)
T=165000 | PC=9 | instr=00000000 | stall=0 hazard=0 tensor=0
Haz A=0 B=0 C=2 D=0 E=0 F=0
WARNING:Simulator:29 - at 165.000 ns: Warning: Timing violation in
   /tb_gpu/DUT/DM/inst/  $recovery( CLKB:165.000 ns, CLKA:165.000 ns,1.000 ns)
WARNING:Simulator:29 - at 165.000 ns: Warning: Timing violation in
   /tb_gpu/DUT/DM/inst/  $recovery( CLKA:165.000 ns, CLKB:165.000 ns,1.000 ns)
WARNING:Simulator:29 - at 170.000 ns: Warning: Timing violation in
   /tb_gpu/DUT/DM/inst/  $recovery( CLKB:170.000 ns, CLKA:170.000 ns,1.000 ns)
WARNING:Simulator:29 - at 170.000 ns: Warning: Timing violation in
   /tb_gpu/DUT/DM/inst/  $recovery( CLKA:170.000 ns, CLKB:170.000 ns,1.000 ns)
T=175000 | PC=10 | instr=30321000 | stall=1 hazard=1 tensor=0
Haz A=0 B=0 C=0 D=2 E=0 F=0
WARNING:Simulator:29 - at 175.000 ns: Warning: Timing violation in
   /tb_gpu/DUT/DM/inst/  $recovery( CLKB:175.000 ns, CLKA:175.000 ns,1.000 ns)
WARNING:Simulator:29 - at 175.000 ns: Warning: Timing violation in
   /tb_gpu/DUT/DM/inst/  $recovery( CLKA:175.000 ns, CLKB:175.000 ns,1.000 ns)
WARNING:Simulator:29 - at 180.000 ns: Warning: Timing violation in
   /tb_gpu/DUT/DM/inst/  $recovery( CLKB:180.000 ns, CLKA:180.000 ns,1.000 ns)
WARNING:Simulator:29 - at 180.000 ns: Warning: Timing violation in
   /tb_gpu/DUT/DM/inst/  $recovery( CLKA:180.000 ns, CLKB:180.000 ns,1.000 ns)
T=185000 | PC=10 | instr=30321000 | stall=1 hazard=1 tensor=0
Haz A=0 B=0 C=0 D=0 E=2 F=0
WB: r2 = 0014001400140014
WARNING:Simulator:29 - at 185.000 ns: Warning: Timing violation in
   /tb_gpu/DUT/DM/inst/  $recovery( CLKB:185.000 ns, CLKA:185.000 ns,1.000 ns)
WARNING:Simulator:29 - at 185.000 ns: Warning: Timing violation in
   /tb_gpu/DUT/DM/inst/  $recovery( CLKA:185.000 ns, CLKB:185.000 ns,1.000 ns)
WARNING:Simulator:29 - at 190.000 ns: Warning: Timing violation in
   /tb_gpu/DUT/DM/inst/  $recovery( CLKB:190.000 ns, CLKA:190.000 ns,1.000 ns)
WARNING:Simulator:29 - at 190.000 ns: Warning: Timing violation in
   /tb_gpu/DUT/DM/inst/  $recovery( CLKA:190.000 ns, CLKB:190.000 ns,1.000 ns)
T=195000 | PC=10 | instr=30321000 | stall=1 hazard=1 tensor=0
Haz A=0 B=0 C=0 D=0 E=0 F=2
WARNING:Simulator:29 - at 195.000 ns: Warning: Timing violation in
   /tb_gpu/DUT/DM/inst/  $recovery( CLKB:195.000 ns, CLKA:195.000 ns,1.000 ns)
WARNING:Simulator:29 - at 195.000 ns: Warning: Timing violation in
   /tb_gpu/DUT/DM/inst/  $recovery( CLKA:195.000 ns, CLKB:195.000 ns,1.000 ns)
WARNING:Simulator:29 - at 200.000 ns: Warning: Timing violation in
   /tb_gpu/DUT/DM/inst/  $recovery( CLKB:200.000 ns, CLKA:200.000 ns,1.000 ns)
WARNING:Simulator:29 - at 200.000 ns: Warning: Timing violation in
   /tb_gpu/DUT/DM/inst/  $recovery( CLKA:200.000 ns, CLKB:200.000 ns,1.000 ns)
T=205000 | PC=10 | instr=30321000 | stall=0 hazard=0 tensor=0
Haz A=0 B=0 C=0 D=0 E=0 F=0
WARNING:Simulator:29 - at 205.000 ns: Warning: Timing violation in
   /tb_gpu/DUT/DM/inst/  $recovery( CLKB:205.000 ns, CLKA:205.000 ns,1.000 ns)
WARNING:Simulator:29 - at 205.000 ns: Warning: Timing violation in
   /tb_gpu/DUT/DM/inst/  $recovery( CLKA:205.000 ns, CLKB:205.000 ns,1.000 ns)
[ALU1 t=205000] op=00110 srcA=0014001400140014 srcB=000a000a000a000a
[ALU1 t=205000] op=00110 srcA=0014001400140014 srcB=000a000a000a000a
WARNING:Simulator:29 - at 210.000 ns: Warning: Timing violation in
   /tb_gpu/DUT/DM/inst/  $recovery( CLKB:210.000 ns, CLKA:210.000 ns,1.000 ns)
WARNING:Simulator:29 - at 210.000 ns: Warning: Timing violation in
   /tb_gpu/DUT/DM/inst/  $recovery( CLKA:210.000 ns, CLKB:210.000 ns,1.000 ns)
T=215000 | PC=11 | instr=00000000 | stall=0 hazard=0 tensor=0
Haz A=3 B=0 C=0 D=0 E=0 F=0
WARNING:Simulator:29 - at 215.000 ns: Warning: Timing violation in
   /tb_gpu/DUT/DM/inst/  $recovery( CLKB:215.000 ns, CLKA:215.000 ns,1.000 ns)
WARNING:Simulator:29 - at 215.000 ns: Warning: Timing violation in
   /tb_gpu/DUT/DM/inst/  $recovery( CLKA:215.000 ns, CLKB:215.000 ns,1.000 ns)
WARNING:Simulator:29 - at 220.000 ns: Warning: Timing violation in
   /tb_gpu/DUT/DM/inst/  $recovery( CLKB:220.000 ns, CLKA:220.000 ns,1.000 ns)
WARNING:Simulator:29 - at 220.000 ns: Warning: Timing violation in
   /tb_gpu/DUT/DM/inst/  $recovery( CLKA:220.000 ns, CLKB:220.000 ns,1.000 ns)
T=225000 | PC=12 | instr=00000000 | stall=0 hazard=0 tensor=0
Haz A=0 B=3 C=0 D=0 E=0 F=0
WARNING:Simulator:29 - at 225.000 ns: Warning: Timing violation in
   /tb_gpu/DUT/DM/inst/  $recovery( CLKB:225.000 ns, CLKA:225.000 ns,1.000 ns)
WARNING:Simulator:29 - at 225.000 ns: Warning: Timing violation in
   /tb_gpu/DUT/DM/inst/  $recovery( CLKA:225.000 ns, CLKB:225.000 ns,1.000 ns)
WARNING:Simulator:29 - at 230.000 ns: Warning: Timing violation in
   /tb_gpu/DUT/DM/inst/  $recovery( CLKB:230.000 ns, CLKA:230.000 ns,1.000 ns)
WARNING:Simulator:29 - at 230.000 ns: Warning: Timing violation in
   /tb_gpu/DUT/DM/inst/  $recovery( CLKA:230.000 ns, CLKB:230.000 ns,1.000 ns)
T=235000 | PC=13 | instr=00000000 | stall=0 hazard=0 tensor=0
Haz A=0 B=0 C=3 D=0 E=0 F=0
WARNING:Simulator:29 - at 235.000 ns: Warning: Timing violation in
   /tb_gpu/DUT/DM/inst/  $recovery( CLKB:235.000 ns, CLKA:235.000 ns,1.000 ns)
WARNING:Simulator:29 - at 235.000 ns: Warning: Timing violation in
   /tb_gpu/DUT/DM/inst/  $recovery( CLKA:235.000 ns, CLKB:235.000 ns,1.000 ns)
WARNING:Simulator:29 - at 240.000 ns: Warning: Timing violation in
   /tb_gpu/DUT/DM/inst/  $recovery( CLKB:240.000 ns, CLKA:240.000 ns,1.000 ns)
WARNING:Simulator:29 - at 240.000 ns: Warning: Timing violation in
   /tb_gpu/DUT/DM/inst/  $recovery( CLKA:240.000 ns, CLKB:240.000 ns,1.000 ns)
T=245000 | PC=14 | instr=30432000 | stall=1 hazard=1 tensor=0
Haz A=0 B=0 C=0 D=3 E=0 F=0
WARNING:Simulator:29 - at 245.000 ns: Warning: Timing violation in
   /tb_gpu/DUT/DM/inst/  $recovery( CLKB:245.000 ns, CLKA:245.000 ns,1.000 ns)
WARNING:Simulator:29 - at 245.000 ns: Warning: Timing violation in
   /tb_gpu/DUT/DM/inst/  $recovery( CLKA:245.000 ns, CLKB:245.000 ns,1.000 ns)
WARNING:Simulator:29 - at 250.000 ns: Warning: Timing violation in
   /tb_gpu/DUT/DM/inst/  $recovery( CLKB:250.000 ns, CLKA:250.000 ns,1.000 ns)
WARNING:Simulator:29 - at 250.000 ns: Warning: Timing violation in
   /tb_gpu/DUT/DM/inst/  $recovery( CLKA:250.000 ns, CLKB:250.000 ns,1.000 ns)
T=255000 | PC=14 | instr=30432000 | stall=1 hazard=1 tensor=0
Haz A=0 B=0 C=0 D=0 E=3 F=0
WB: r3 = 001e001e001e001e
WARNING:Simulator:29 - at 255.000 ns: Warning: Timing violation in
   /tb_gpu/DUT/DM/inst/  $recovery( CLKB:255.000 ns, CLKA:255.000 ns,1.000 ns)
WARNING:Simulator:29 - at 255.000 ns: Warning: Timing violation in
   /tb_gpu/DUT/DM/inst/  $recovery( CLKA:255.000 ns, CLKB:255.000 ns,1.000 ns)
WARNING:Simulator:29 - at 260.000 ns: Warning: Timing violation in
   /tb_gpu/DUT/DM/inst/  $recovery( CLKB:260.000 ns, CLKA:260.000 ns,1.000 ns)
WARNING:Simulator:29 - at 260.000 ns: Warning: Timing violation in
   /tb_gpu/DUT/DM/inst/  $recovery( CLKA:260.000 ns, CLKB:260.000 ns,1.000 ns)
T=265000 | PC=14 | instr=30432000 | stall=1 hazard=1 tensor=0
Haz A=0 B=0 C=0 D=0 E=0 F=3
WARNING:Simulator:29 - at 265.000 ns: Warning: Timing violation in
   /tb_gpu/DUT/DM/inst/  $recovery( CLKB:265.000 ns, CLKA:265.000 ns,1.000 ns)
WARNING:Simulator:29 - at 265.000 ns: Warning: Timing violation in
   /tb_gpu/DUT/DM/inst/  $recovery( CLKA:265.000 ns, CLKB:265.000 ns,1.000 ns)
WARNING:Simulator:29 - at 270.000 ns: Warning: Timing violation in
   /tb_gpu/DUT/DM/inst/  $recovery( CLKB:270.000 ns, CLKA:270.000 ns,1.000 ns)
WARNING:Simulator:29 - at 270.000 ns: Warning: Timing violation in
   /tb_gpu/DUT/DM/inst/  $recovery( CLKA:270.000 ns, CLKB:270.000 ns,1.000 ns)
T=275000 | PC=14 | instr=30432000 | stall=0 hazard=0 tensor=0
Haz A=0 B=0 C=0 D=0 E=0 F=0
WARNING:Simulator:29 - at 275.000 ns: Warning: Timing violation in
   /tb_gpu/DUT/DM/inst/  $recovery( CLKB:275.000 ns, CLKA:275.000 ns,1.000 ns)
WARNING:Simulator:29 - at 275.000 ns: Warning: Timing violation in
   /tb_gpu/DUT/DM/inst/  $recovery( CLKA:275.000 ns, CLKB:275.000 ns,1.000 ns)
[ALU1 t=275000] op=00110 srcA=001e001e001e001e srcB=0014001400140014
[ALU1 t=275000] op=00110 srcA=001e001e001e001e srcB=0014001400140014
WARNING:Simulator:29 - at 280.000 ns: Warning: Timing violation in
   /tb_gpu/DUT/DM/inst/  $recovery( CLKB:280.000 ns, CLKA:280.000 ns,1.000 ns)
WARNING:Simulator:29 - at 280.000 ns: Warning: Timing violation in
   /tb_gpu/DUT/DM/inst/  $recovery( CLKA:280.000 ns, CLKB:280.000 ns,1.000 ns)
T=285000 | PC=15 | instr=00000000 | stall=0 hazard=0 tensor=0
Haz A=4 B=0 C=0 D=0 E=0 F=0
WARNING:Simulator:29 - at 285.000 ns: Warning: Timing violation in
   /tb_gpu/DUT/DM/inst/  $recovery( CLKB:285.000 ns, CLKA:285.000 ns,1.000 ns)
WARNING:Simulator:29 - at 285.000 ns: Warning: Timing violation in
   /tb_gpu/DUT/DM/inst/  $recovery( CLKA:285.000 ns, CLKB:285.000 ns,1.000 ns)
WARNING:Simulator:29 - at 290.000 ns: Warning: Timing violation in
   /tb_gpu/DUT/DM/inst/  $recovery( CLKB:290.000 ns, CLKA:290.000 ns,1.000 ns)
WARNING:Simulator:29 - at 290.000 ns: Warning: Timing violation in
   /tb_gpu/DUT/DM/inst/  $recovery( CLKA:290.000 ns, CLKB:290.000 ns,1.000 ns)
T=295000 | PC=16 | instr=00000000 | stall=0 hazard=0 tensor=0
Haz A=0 B=4 C=0 D=0 E=0 F=0
WARNING:Simulator:29 - at 295.000 ns: Warning: Timing violation in
   /tb_gpu/DUT/DM/inst/  $recovery( CLKB:295.000 ns, CLKA:295.000 ns,1.000 ns)
WARNING:Simulator:29 - at 295.000 ns: Warning: Timing violation in
   /tb_gpu/DUT/DM/inst/  $recovery( CLKA:295.000 ns, CLKB:295.000 ns,1.000 ns)
WARNING:Simulator:29 - at 300.000 ns: Warning: Timing violation in
   /tb_gpu/DUT/DM/inst/  $recovery( CLKB:300.000 ns, CLKA:300.000 ns,1.000 ns)
WARNING:Simulator:29 - at 300.000 ns: Warning: Timing violation in
   /tb_gpu/DUT/DM/inst/  $recovery( CLKA:300.000 ns, CLKB:300.000 ns,1.000 ns)
T=305000 | PC=17 | instr=00000000 | stall=0 hazard=0 tensor=0
Haz A=0 B=0 C=4 D=0 E=0 F=0
WARNING:Simulator:29 - at 305.000 ns: Warning: Timing violation in
   /tb_gpu/DUT/DM/inst/  $recovery( CLKB:305.000 ns, CLKA:305.000 ns,1.000 ns)
WARNING:Simulator:29 - at 305.000 ns: Warning: Timing violation in
   /tb_gpu/DUT/DM/inst/  $recovery( CLKA:305.000 ns, CLKB:305.000 ns,1.000 ns)
WARNING:Simulator:29 - at 310.000 ns: Warning: Timing violation in
   /tb_gpu/DUT/DM/inst/  $recovery( CLKB:310.000 ns, CLKA:310.000 ns,1.000 ns)
WARNING:Simulator:29 - at 310.000 ns: Warning: Timing violation in
   /tb_gpu/DUT/DM/inst/  $recovery( CLKA:310.000 ns, CLKB:310.000 ns,1.000 ns)
T=315000 | PC=18 | instr=40543000 | stall=1 hazard=1 tensor=0
Haz A=0 B=0 C=0 D=4 E=0 F=0
WARNING:Simulator:29 - at 315.000 ns: Warning: Timing violation in
   /tb_gpu/DUT/DM/inst/  $recovery( CLKB:315.000 ns, CLKA:315.000 ns,1.000 ns)
WARNING:Simulator:29 - at 315.000 ns: Warning: Timing violation in
   /tb_gpu/DUT/DM/inst/  $recovery( CLKA:315.000 ns, CLKB:315.000 ns,1.000 ns)
WARNING:Simulator:29 - at 320.000 ns: Warning: Timing violation in
   /tb_gpu/DUT/DM/inst/  $recovery( CLKB:320.000 ns, CLKA:320.000 ns,1.000 ns)
WARNING:Simulator:29 - at 320.000 ns: Warning: Timing violation in
   /tb_gpu/DUT/DM/inst/  $recovery( CLKA:320.000 ns, CLKB:320.000 ns,1.000 ns)
T=325000 | PC=18 | instr=40543000 | stall=1 hazard=1 tensor=0
Haz A=0 B=0 C=0 D=0 E=4 F=0
WB: r4 = 0032003200320032
WARNING:Simulator:29 - at 325.000 ns: Warning: Timing violation in
   /tb_gpu/DUT/DM/inst/  $recovery( CLKB:325.000 ns, CLKA:325.000 ns,1.000 ns)
WARNING:Simulator:29 - at 325.000 ns: Warning: Timing violation in
   /tb_gpu/DUT/DM/inst/  $recovery( CLKA:325.000 ns, CLKB:325.000 ns,1.000 ns)
WARNING:Simulator:29 - at 330.000 ns: Warning: Timing violation in
   /tb_gpu/DUT/DM/inst/  $recovery( CLKB:330.000 ns, CLKA:330.000 ns,1.000 ns)
WARNING:Simulator:29 - at 330.000 ns: Warning: Timing violation in
   /tb_gpu/DUT/DM/inst/  $recovery( CLKA:330.000 ns, CLKB:330.000 ns,1.000 ns)
T=335000 | PC=18 | instr=40543000 | stall=1 hazard=1 tensor=0
Haz A=0 B=0 C=0 D=0 E=0 F=4
WARNING:Simulator:29 - at 335.000 ns: Warning: Timing violation in
   /tb_gpu/DUT/DM/inst/  $recovery( CLKB:335.000 ns, CLKA:335.000 ns,1.000 ns)
WARNING:Simulator:29 - at 335.000 ns: Warning: Timing violation in
   /tb_gpu/DUT/DM/inst/  $recovery( CLKA:335.000 ns, CLKB:335.000 ns,1.000 ns)
WARNING:Simulator:29 - at 340.000 ns: Warning: Timing violation in
   /tb_gpu/DUT/DM/inst/  $recovery( CLKB:340.000 ns, CLKA:340.000 ns,1.000 ns)
WARNING:Simulator:29 - at 340.000 ns: Warning: Timing violation in
   /tb_gpu/DUT/DM/inst/  $recovery( CLKA:340.000 ns, CLKB:340.000 ns,1.000 ns)
T=345000 | PC=18 | instr=40543000 | stall=0 hazard=0 tensor=0
Haz A=0 B=0 C=0 D=0 E=0 F=0
WARNING:Simulator:29 - at 345.000 ns: Warning: Timing violation in
   /tb_gpu/DUT/DM/inst/  $recovery( CLKB:345.000 ns, CLKA:345.000 ns,1.000 ns)
WARNING:Simulator:29 - at 345.000 ns: Warning: Timing violation in
   /tb_gpu/DUT/DM/inst/  $recovery( CLKA:345.000 ns, CLKB:345.000 ns,1.000 ns)
[ALU1 t=345000] op=01000 srcA=0032003200320032 srcB=001e001e001e001e
[ALU1 t=345000] op=01000 srcA=0032003200320032 srcB=001e001e001e001e
WARNING:Simulator:29 - at 350.000 ns: Warning: Timing violation in
   /tb_gpu/DUT/DM/inst/  $recovery( CLKB:350.000 ns, CLKA:350.000 ns,1.000 ns)
WARNING:Simulator:29 - at 350.000 ns: Warning: Timing violation in
   /tb_gpu/DUT/DM/inst/  $recovery( CLKA:350.000 ns, CLKB:350.000 ns,1.000 ns)
T=355000 | PC=19 | instr=00000000 | stall=0 hazard=0 tensor=0
Haz A=5 B=0 C=0 D=0 E=0 F=0
WARNING:Simulator:29 - at 355.000 ns: Warning: Timing violation in
   /tb_gpu/DUT/DM/inst/  $recovery( CLKB:355.000 ns, CLKA:355.000 ns,1.000 ns)
WARNING:Simulator:29 - at 355.000 ns: Warning: Timing violation in
   /tb_gpu/DUT/DM/inst/  $recovery( CLKA:355.000 ns, CLKB:355.000 ns,1.000 ns)
WARNING:Simulator:29 - at 360.000 ns: Warning: Timing violation in
   /tb_gpu/DUT/DM/inst/  $recovery( CLKB:360.000 ns, CLKA:360.000 ns,1.000 ns)
WARNING:Simulator:29 - at 360.000 ns: Warning: Timing violation in
   /tb_gpu/DUT/DM/inst/  $recovery( CLKA:360.000 ns, CLKB:360.000 ns,1.000 ns)
T=365000 | PC=20 | instr=00000000 | stall=0 hazard=0 tensor=0
Haz A=0 B=5 C=0 D=0 E=0 F=0
WARNING:Simulator:29 - at 365.000 ns: Warning: Timing violation in
   /tb_gpu/DUT/DM/inst/  $recovery( CLKB:365.000 ns, CLKA:365.000 ns,1.000 ns)
WARNING:Simulator:29 - at 365.000 ns: Warning: Timing violation in
   /tb_gpu/DUT/DM/inst/  $recovery( CLKA:365.000 ns, CLKB:365.000 ns,1.000 ns)
WARNING:Simulator:29 - at 370.000 ns: Warning: Timing violation in
   /tb_gpu/DUT/DM/inst/  $recovery( CLKB:370.000 ns, CLKA:370.000 ns,1.000 ns)
WARNING:Simulator:29 - at 370.000 ns: Warning: Timing violation in
   /tb_gpu/DUT/DM/inst/  $recovery( CLKA:370.000 ns, CLKB:370.000 ns,1.000 ns)
T=375000 | PC=21 | instr=00000000 | stall=0 hazard=0 tensor=0
Haz A=0 B=0 C=5 D=0 E=0 F=0
WARNING:Simulator:29 - at 375.000 ns: Warning: Timing violation in
   /tb_gpu/DUT/DM/inst/  $recovery( CLKB:375.000 ns, CLKA:375.000 ns,1.000 ns)
WARNING:Simulator:29 - at 375.000 ns: Warning: Timing violation in
   /tb_gpu/DUT/DM/inst/  $recovery( CLKA:375.000 ns, CLKB:375.000 ns,1.000 ns)
WARNING:Simulator:29 - at 380.000 ns: Warning: Timing violation in
   /tb_gpu/DUT/DM/inst/  $recovery( CLKB:380.000 ns, CLKA:380.000 ns,1.000 ns)
WARNING:Simulator:29 - at 380.000 ns: Warning: Timing violation in
   /tb_gpu/DUT/DM/inst/  $recovery( CLKA:380.000 ns, CLKB:380.000 ns,1.000 ns)
T=385000 | PC=22 | instr=48651200 | stall=1 hazard=1 tensor=0
Haz A=0 B=0 C=0 D=5 E=0 F=0
WARNING:Simulator:29 - at 385.000 ns: Warning: Timing violation in
   /tb_gpu/DUT/DM/inst/  $recovery( CLKB:385.000 ns, CLKA:385.000 ns,1.000 ns)
WARNING:Simulator:29 - at 385.000 ns: Warning: Timing violation in
   /tb_gpu/DUT/DM/inst/  $recovery( CLKA:385.000 ns, CLKB:385.000 ns,1.000 ns)
WARNING:Simulator:29 - at 390.000 ns: Warning: Timing violation in
   /tb_gpu/DUT/DM/inst/  $recovery( CLKB:390.000 ns, CLKA:390.000 ns,1.000 ns)
WARNING:Simulator:29 - at 390.000 ns: Warning: Timing violation in
   /tb_gpu/DUT/DM/inst/  $recovery( CLKA:390.000 ns, CLKB:390.000 ns,1.000 ns)
T=395000 | PC=22 | instr=48651200 | stall=1 hazard=1 tensor=0
Haz A=0 B=0 C=0 D=0 E=5 F=0
WB: r5 = 05dc05dc05dc05dc
WARNING:Simulator:29 - at 395.000 ns: Warning: Timing violation in
   /tb_gpu/DUT/DM/inst/  $recovery( CLKB:395.000 ns, CLKA:395.000 ns,1.000 ns)
WARNING:Simulator:29 - at 395.000 ns: Warning: Timing violation in
   /tb_gpu/DUT/DM/inst/  $recovery( CLKA:395.000 ns, CLKB:395.000 ns,1.000 ns)
WARNING:Simulator:29 - at 400.000 ns: Warning: Timing violation in
   /tb_gpu/DUT/DM/inst/  $recovery( CLKB:400.000 ns, CLKA:400.000 ns,1.000 ns)
WARNING:Simulator:29 - at 400.000 ns: Warning: Timing violation in
   /tb_gpu/DUT/DM/inst/  $recovery( CLKA:400.000 ns, CLKB:400.000 ns,1.000 ns)
T=405000 | PC=22 | instr=48651200 | stall=1 hazard=1 tensor=0
Haz A=0 B=0 C=0 D=0 E=0 F=5
WARNING:Simulator:29 - at 405.000 ns: Warning: Timing violation in
   /tb_gpu/DUT/DM/inst/  $recovery( CLKB:405.000 ns, CLKA:405.000 ns,1.000 ns)
WARNING:Simulator:29 - at 405.000 ns: Warning: Timing violation in
   /tb_gpu/DUT/DM/inst/  $recovery( CLKA:405.000 ns, CLKB:405.000 ns,1.000 ns)
WARNING:Simulator:29 - at 410.000 ns: Warning: Timing violation in
   /tb_gpu/DUT/DM/inst/  $recovery( CLKB:410.000 ns, CLKA:410.000 ns,1.000 ns)
WARNING:Simulator:29 - at 410.000 ns: Warning: Timing violation in
   /tb_gpu/DUT/DM/inst/  $recovery( CLKA:410.000 ns, CLKB:410.000 ns,1.000 ns)
T=415000 | PC=22 | instr=48651200 | stall=0 hazard=0 tensor=0
Haz A=0 B=0 C=0 D=0 E=0 F=0
WARNING:Simulator:29 - at 415.000 ns: Warning: Timing violation in
   /tb_gpu/DUT/DM/inst/  $recovery( CLKB:415.000 ns, CLKA:415.000 ns,1.000 ns)
WARNING:Simulator:29 - at 415.000 ns: Warning: Timing violation in
   /tb_gpu/DUT/DM/inst/  $recovery( CLKA:415.000 ns, CLKB:415.000 ns,1.000 ns)
[ALU1 t=415000] op=01001 srcA=05dc05dc05dc05dc srcB=000a000a000a000a
[ALU1 t=415000] op=01001 srcA=05dc05dc05dc05dc srcB=000a000a000a000a
WARNING:Simulator:29 - at 420.000 ns: Warning: Timing violation in
   /tb_gpu/DUT/DM/inst/  $recovery( CLKB:420.000 ns, CLKA:420.000 ns,1.000 ns)
WARNING:Simulator:29 - at 420.000 ns: Warning: Timing violation in
   /tb_gpu/DUT/DM/inst/  $recovery( CLKA:420.000 ns, CLKB:420.000 ns,1.000 ns)
T=425000 | PC=23 | instr=00000000 | stall=0 hazard=0 tensor=0
Haz A=6 B=0 C=0 D=0 E=0 F=0
WARNING:Simulator:29 - at 425.000 ns: Warning: Timing violation in
   /tb_gpu/DUT/DM/inst/  $recovery( CLKB:425.000 ns, CLKA:425.000 ns,1.000 ns)
WARNING:Simulator:29 - at 425.000 ns: Warning: Timing violation in
   /tb_gpu/DUT/DM/inst/  $recovery( CLKA:425.000 ns, CLKB:425.000 ns,1.000 ns)
WARNING:Simulator:29 - at 430.000 ns: Warning: Timing violation in
   /tb_gpu/DUT/DM/inst/  $recovery( CLKB:430.000 ns, CLKA:430.000 ns,1.000 ns)
WARNING:Simulator:29 - at 430.000 ns: Warning: Timing violation in
   /tb_gpu/DUT/DM/inst/  $recovery( CLKA:430.000 ns, CLKB:430.000 ns,1.000 ns)
T=435000 | PC=24 | instr=00000000 | stall=0 hazard=0 tensor=0
Haz A=0 B=6 C=0 D=0 E=0 F=0
WARNING:Simulator:29 - at 435.000 ns: Warning: Timing violation in
   /tb_gpu/DUT/DM/inst/  $recovery( CLKB:435.000 ns, CLKA:435.000 ns,1.000 ns)
WARNING:Simulator:29 - at 435.000 ns: Warning: Timing violation in
   /tb_gpu/DUT/DM/inst/  $recovery( CLKA:435.000 ns, CLKB:435.000 ns,1.000 ns)
WARNING:Simulator:29 - at 440.000 ns: Warning: Timing violation in
   /tb_gpu/DUT/DM/inst/  $recovery( CLKB:440.000 ns, CLKA:440.000 ns,1.000 ns)
WARNING:Simulator:29 - at 440.000 ns: Warning: Timing violation in
   /tb_gpu/DUT/DM/inst/  $recovery( CLKA:440.000 ns, CLKB:440.000 ns,1.000 ns)
T=445000 | PC=25 | instr=00000000 | stall=0 hazard=0 tensor=0
Haz A=0 B=0 C=6 D=0 E=0 F=0
WARNING:Simulator:29 - at 445.000 ns: Warning: Timing violation in
   /tb_gpu/DUT/DM/inst/  $recovery( CLKB:445.000 ns, CLKA:445.000 ns,1.000 ns)
WARNING:Simulator:29 - at 445.000 ns: Warning: Timing violation in
   /tb_gpu/DUT/DM/inst/  $recovery( CLKA:445.000 ns, CLKB:445.000 ns,1.000 ns)
WARNING:Simulator:29 - at 450.000 ns: Warning: Timing violation in
   /tb_gpu/DUT/DM/inst/  $recovery( CLKB:450.000 ns, CLKA:450.000 ns,1.000 ns)
WARNING:Simulator:29 - at 450.000 ns: Warning: Timing violation in
   /tb_gpu/DUT/DM/inst/  $recovery( CLKA:450.000 ns, CLKB:450.000 ns,1.000 ns)
T=455000 | PC=26 | instr=01900005 | stall=0 hazard=0 tensor=0
Haz A=0 B=0 C=0 D=6 E=0 F=0
WARNING:Simulator:29 - at 455.000 ns: Warning: Timing violation in
   /tb_gpu/DUT/DM/inst/  $recovery( CLKB:455.000 ns, CLKA:455.000 ns,1.000 ns)
WARNING:Simulator:29 - at 455.000 ns: Warning: Timing violation in
   /tb_gpu/DUT/DM/inst/  $recovery( CLKA:455.000 ns, CLKB:455.000 ns,1.000 ns)
[ALU1 t=455000] op=00110 srcA=0000000000000000 srcB=0005000500050005
[ALU1 t=455000] op=00110 srcA=0000000000000000 srcB=0005000500050005
WARNING:Simulator:29 - at 460.000 ns: Warning: Timing violation in
   /tb_gpu/DUT/DM/inst/  $recovery( CLKB:460.000 ns, CLKA:460.000 ns,1.000 ns)
WARNING:Simulator:29 - at 460.000 ns: Warning: Timing violation in
   /tb_gpu/DUT/DM/inst/  $recovery( CLKA:460.000 ns, CLKB:460.000 ns,1.000 ns)
T=465000 | PC=27 | instr=00000000 | stall=0 hazard=0 tensor=0
Haz A=9 B=0 C=0 D=0 E=6 F=0
WB: r6 = 3aac3aac3aac3aac
WARNING:Simulator:29 - at 465.000 ns: Warning: Timing violation in
   /tb_gpu/DUT/DM/inst/  $recovery( CLKB:465.000 ns, CLKA:465.000 ns,1.000 ns)
WARNING:Simulator:29 - at 465.000 ns: Warning: Timing violation in
   /tb_gpu/DUT/DM/inst/  $recovery( CLKA:465.000 ns, CLKB:465.000 ns,1.000 ns)
WARNING:Simulator:29 - at 470.000 ns: Warning: Timing violation in
   /tb_gpu/DUT/DM/inst/  $recovery( CLKB:470.000 ns, CLKA:470.000 ns,1.000 ns)
WARNING:Simulator:29 - at 470.000 ns: Warning: Timing violation in
   /tb_gpu/DUT/DM/inst/  $recovery( CLKA:470.000 ns, CLKB:470.000 ns,1.000 ns)
T=475000 | PC=28 | instr=00000000 | stall=0 hazard=0 tensor=0
Haz A=0 B=9 C=0 D=0 E=0 F=6
WARNING:Simulator:29 - at 475.000 ns: Warning: Timing violation in
   /tb_gpu/DUT/DM/inst/  $recovery( CLKB:475.000 ns, CLKA:475.000 ns,1.000 ns)
WARNING:Simulator:29 - at 475.000 ns: Warning: Timing violation in
   /tb_gpu/DUT/DM/inst/  $recovery( CLKA:475.000 ns, CLKB:475.000 ns,1.000 ns)
WARNING:Simulator:29 - at 480.000 ns: Warning: Timing violation in
   /tb_gpu/DUT/DM/inst/  $recovery( CLKB:480.000 ns, CLKA:480.000 ns,1.000 ns)
WARNING:Simulator:29 - at 480.000 ns: Warning: Timing violation in
   /tb_gpu/DUT/DM/inst/  $recovery( CLKA:480.000 ns, CLKB:480.000 ns,1.000 ns)
T=485000 | PC=29 | instr=00000000 | stall=0 hazard=0 tensor=0
Haz A=0 B=0 C=9 D=0 E=0 F=0
WARNING:Simulator:29 - at 485.000 ns: Warning: Timing violation in
   /tb_gpu/DUT/DM/inst/  $recovery( CLKB:485.000 ns, CLKA:485.000 ns,1.000 ns)
WARNING:Simulator:29 - at 485.000 ns: Warning: Timing violation in
   /tb_gpu/DUT/DM/inst/  $recovery( CLKA:485.000 ns, CLKB:485.000 ns,1.000 ns)
WARNING:Simulator:29 - at 490.000 ns: Warning: Timing violation in
   /tb_gpu/DUT/DM/inst/  $recovery( CLKB:490.000 ns, CLKA:490.000 ns,1.000 ns)
WARNING:Simulator:29 - at 490.000 ns: Warning: Timing violation in
   /tb_gpu/DUT/DM/inst/  $recovery( CLKA:490.000 ns, CLKB:490.000 ns,1.000 ns)
T=495000 | PC=30 | instr=08190000 | stall=1 hazard=1 tensor=0
Haz A=0 B=0 C=0 D=9 E=0 F=0
WARNING:Simulator:29 - at 495.000 ns: Warning: Timing violation in
   /tb_gpu/DUT/DM/inst/  $recovery( CLKB:495.000 ns, CLKA:495.000 ns,1.000 ns)
WARNING:Simulator:29 - at 495.000 ns: Warning: Timing violation in
   /tb_gpu/DUT/DM/inst/  $recovery( CLKA:495.000 ns, CLKB:495.000 ns,1.000 ns)
WARNING:Simulator:29 - at 500.000 ns: Warning: Timing violation in
   /tb_gpu/DUT/DM/inst/  $recovery( CLKB:500.000 ns, CLKA:500.000 ns,1.000 ns)
WARNING:Simulator:29 - at 500.000 ns: Warning: Timing violation in
   /tb_gpu/DUT/DM/inst/  $recovery( CLKA:500.000 ns, CLKB:500.000 ns,1.000 ns)
T=505000 | PC=30 | instr=08190000 | stall=1 hazard=1 tensor=0
Haz A=0 B=0 C=0 D=0 E=9 F=0
WB: r9 = 0005000500050005
WARNING:Simulator:29 - at 505.000 ns: Warning: Timing violation in
   /tb_gpu/DUT/DM/inst/  $recovery( CLKB:505.000 ns, CLKA:505.000 ns,1.000 ns)
WARNING:Simulator:29 - at 505.000 ns: Warning: Timing violation in
   /tb_gpu/DUT/DM/inst/  $recovery( CLKA:505.000 ns, CLKB:505.000 ns,1.000 ns)
WARNING:Simulator:29 - at 510.000 ns: Warning: Timing violation in
   /tb_gpu/DUT/DM/inst/  $recovery( CLKB:510.000 ns, CLKA:510.000 ns,1.000 ns)
WARNING:Simulator:29 - at 510.000 ns: Warning: Timing violation in
   /tb_gpu/DUT/DM/inst/  $recovery( CLKA:510.000 ns, CLKB:510.000 ns,1.000 ns)
T=515000 | PC=30 | instr=08190000 | stall=1 hazard=1 tensor=0
Haz A=0 B=0 C=0 D=0 E=0 F=9
WARNING:Simulator:29 - at 515.000 ns: Warning: Timing violation in
   /tb_gpu/DUT/DM/inst/  $recovery( CLKB:515.000 ns, CLKA:515.000 ns,1.000 ns)
WARNING:Simulator:29 - at 515.000 ns: Warning: Timing violation in
   /tb_gpu/DUT/DM/inst/  $recovery( CLKA:515.000 ns, CLKB:515.000 ns,1.000 ns)
WARNING:Simulator:29 - at 520.000 ns: Warning: Timing violation in
   /tb_gpu/DUT/DM/inst/  $recovery( CLKB:520.000 ns, CLKA:520.000 ns,1.000 ns)
WARNING:Simulator:29 - at 520.000 ns: Warning: Timing violation in
   /tb_gpu/DUT/DM/inst/  $recovery( CLKA:520.000 ns, CLKB:520.000 ns,1.000 ns)
T=525000 | PC=30 | instr=08190000 | stall=0 hazard=0 tensor=0
Haz A=0 B=0 C=0 D=0 E=0 F=0
WARNING:Simulator:29 - at 525.000 ns: Warning: Timing violation in
   /tb_gpu/DUT/DM/inst/  $recovery( CLKB:525.000 ns, CLKA:525.000 ns,1.000 ns)
WARNING:Simulator:29 - at 525.000 ns: Warning: Timing violation in
   /tb_gpu/DUT/DM/inst/  $recovery( CLKA:525.000 ns, CLKB:525.000 ns,1.000 ns)
[ALU1 t=525000] op=00110 srcA=0005000500050005 srcB=0000000000000000
[ALU1 t=525000] op=00110 srcA=0005000500050005 srcB=0000000000000000
WARNING:Simulator:29 - at 530.000 ns: Warning: Timing violation in
   /tb_gpu/DUT/DM/inst/  $recovery( CLKB:530.000 ns, CLKA:530.000 ns,1.000 ns)
WARNING:Simulator:29 - at 530.000 ns: Warning: Timing violation in
   /tb_gpu/DUT/DM/inst/  $recovery( CLKA:530.000 ns, CLKB:530.000 ns,1.000 ns)
T=535000 | PC=31 | instr=00000000 | stall=0 hazard=0 tensor=0
Haz A=0 B=0 C=0 D=0 E=0 F=0
WARNING:Simulator:29 - at 535.000 ns: Warning: Timing violation in
   /tb_gpu/DUT/DM/inst/  $recovery( CLKB:535.000 ns, CLKA:535.000 ns,1.000 ns)
WARNING:Simulator:29 - at 535.000 ns: Warning: Timing violation in
   /tb_gpu/DUT/DM/inst/  $recovery( CLKA:535.000 ns, CLKB:535.000 ns,1.000 ns)
WARNING:Simulator:29 - at 540.000 ns: Warning: Timing violation in
   /tb_gpu/DUT/DM/inst/  $recovery( CLKB:540.000 ns, CLKA:540.000 ns,1.000 ns)
WARNING:Simulator:29 - at 540.000 ns: Warning: Timing violation in
   /tb_gpu/DUT/DM/inst/  $recovery( CLKA:540.000 ns, CLKB:540.000 ns,1.000 ns)
T=545000 | PC=32 | instr=00000000 | stall=0 hazard=0 tensor=0
Haz A=0 B=0 C=0 D=0 E=0 F=0
WARNING:Simulator:29 - at 545.000 ns: Warning: Timing violation in
   /tb_gpu/DUT/DM/inst/  $recovery( CLKB:545.000 ns, CLKA:545.000 ns,1.000 ns)
WARNING:Simulator:29 - at 545.000 ns: Warning: Timing violation in
   /tb_gpu/DUT/DM/inst/  $recovery( CLKA:545.000 ns, CLKB:545.000 ns,1.000 ns)
WARNING:Simulator:29 - at 550.000 ns: Warning: Timing violation in
   /tb_gpu/DUT/DM/inst/  $recovery( CLKB:550.000 ns, CLKA:550.000 ns,1.000 ns)
WARNING:Simulator:29 - at 550.000 ns: Warning: Timing violation in
   /tb_gpu/DUT/DM/inst/  $recovery( CLKA:550.000 ns, CLKB:550.000 ns,1.000 ns)
T=555000 | PC=33 | instr=00000000 | stall=0 hazard=0 tensor=0
Haz A=0 B=0 C=0 D=0 E=0 F=0
WARNING:Simulator:29 - at 555.000 ns: Warning: Timing violation in
   /tb_gpu/DUT/DM/inst/  $recovery( CLKB:555.000 ns, CLKA:555.000 ns,1.000 ns)
WARNING:Simulator:29 - at 555.000 ns: Warning: Timing violation in
   /tb_gpu/DUT/DM/inst/  $recovery( CLKA:555.000 ns, CLKB:555.000 ns,1.000 ns)
WARNING:Simulator:29 - at 560.000 ns: Warning: Timing violation in
   /tb_gpu/DUT/DM/inst/  $recovery( CLKB:560.000 ns, CLKA:560.000 ns,1.000 ns)
WARNING:Simulator:29 - at 560.000 ns: Warning: Timing violation in
   /tb_gpu/DUT/DM/inst/  $recovery( CLKA:560.000 ns, CLKB:560.000 ns,1.000 ns)
T=565000 | PC=34 | instr=00a90000 | stall=0 hazard=0 tensor=0
Haz A=0 B=0 C=0 D=0 E=0 F=0
STORE -> addr=5  data=000a000a000a000a
WARNING:Simulator:29 - at 565.000 ns: Warning: Timing violation in
   /tb_gpu/DUT/DM/inst/  $recovery( CLKB:565.000 ns, CLKA:565.000 ns,1.000 ns)
WARNING:Simulator:29 - at 565.000 ns: Warning: Timing violation in
   /tb_gpu/DUT/DM/inst/  $recovery( CLKA:565.000 ns, CLKB:565.000 ns,1.000 ns)
[ALU1 t=565000] op=00110 srcA=0005000500050005 srcB=0000000000000000
[ALU1 t=565000] op=00110 srcA=0005000500050005 srcB=0000000000000000
WARNING:Simulator:29 - at 570.000 ns: Warning: Timing violation in
   /tb_gpu/DUT/DM/inst/  $recovery( CLKB:570.000 ns, CLKA:570.000 ns,1.000 ns)
WARNING:Simulator:29 - at 570.000 ns: Warning: Timing violation in
   /tb_gpu/DUT/DM/inst/  $recovery( CLKA:570.000 ns, CLKB:570.000 ns,1.000 ns)
T=575000 | PC=35 | instr=00000000 | stall=0 hazard=0 tensor=0
Haz A=10 B=0 C=0 D=0 E=0 F=0
WARNING:Simulator:29 - at 575.000 ns: Warning: Timing violation in
   /tb_gpu/DUT/DM/inst/  $recovery( CLKB:575.000 ns, CLKA:575.000 ns,1.000 ns)
WARNING:Simulator:29 - at 575.000 ns: Warning: Timing violation in
   /tb_gpu/DUT/DM/inst/  $recovery( CLKA:575.000 ns, CLKB:575.000 ns,1.000 ns)
WARNING:Simulator:29 - at 580.000 ns: Warning: Timing violation in
   /tb_gpu/DUT/DM/inst/  $recovery( CLKB:580.000 ns, CLKA:580.000 ns,1.000 ns)
WARNING:Simulator:29 - at 580.000 ns: Warning: Timing violation in
   /tb_gpu/DUT/DM/inst/  $recovery( CLKA:580.000 ns, CLKB:580.000 ns,1.000 ns)
T=585000 | PC=36 | instr=00000000 | stall=0 hazard=0 tensor=0
Haz A=0 B=10 C=0 D=0 E=0 F=0
WARNING:Simulator:29 - at 585.000 ns: Warning: Timing violation in
   /tb_gpu/DUT/DM/inst/  $recovery( CLKB:585.000 ns, CLKA:585.000 ns,1.000 ns)
WARNING:Simulator:29 - at 585.000 ns: Warning: Timing violation in
   /tb_gpu/DUT/DM/inst/  $recovery( CLKA:585.000 ns, CLKB:585.000 ns,1.000 ns)
WARNING:Simulator:29 - at 590.000 ns: Warning: Timing violation in
   /tb_gpu/DUT/DM/inst/  $recovery( CLKB:590.000 ns, CLKA:590.000 ns,1.000 ns)
WARNING:Simulator:29 - at 590.000 ns: Warning: Timing violation in
   /tb_gpu/DUT/DM/inst/  $recovery( CLKA:590.000 ns, CLKB:590.000 ns,1.000 ns)
T=595000 | PC=37 | instr=00000000 | stall=0 hazard=0 tensor=0
Haz A=0 B=0 C=10 D=0 E=0 F=0
WARNING:Simulator:29 - at 595.000 ns: Warning: Timing violation in
   /tb_gpu/DUT/DM/inst/  $recovery( CLKB:595.000 ns, CLKA:595.000 ns,1.000 ns)
WARNING:Simulator:29 - at 595.000 ns: Warning: Timing violation in
   /tb_gpu/DUT/DM/inst/  $recovery( CLKA:595.000 ns, CLKB:595.000 ns,1.000 ns)
WARNING:Simulator:29 - at 600.000 ns: Warning: Timing violation in
   /tb_gpu/DUT/DM/inst/  $recovery( CLKB:600.000 ns, CLKA:600.000 ns,1.000 ns)
WARNING:Simulator:29 - at 600.000 ns: Warning: Timing violation in
   /tb_gpu/DUT/DM/inst/  $recovery( CLKA:600.000 ns, CLKB:600.000 ns,1.000 ns)
T=605000 | PC=38 | instr=30ba1000 | stall=1 hazard=1 tensor=0
Haz A=0 B=0 C=0 D=10 E=0 F=0
LOAD  -> addr=5
WARNING:Simulator:29 - at 605.000 ns: Warning: Timing violation in
   /tb_gpu/DUT/DM/inst/  $recovery( CLKB:605.000 ns, CLKA:605.000 ns,1.000 ns)
WARNING:Simulator:29 - at 605.000 ns: Warning: Timing violation in
   /tb_gpu/DUT/DM/inst/  $recovery( CLKA:605.000 ns, CLKB:605.000 ns,1.000 ns)
WARNING:Simulator:29 - at 610.000 ns: Warning: Timing violation in
   /tb_gpu/DUT/DM/inst/  $recovery( CLKB:610.000 ns, CLKA:610.000 ns,1.000 ns)
WARNING:Simulator:29 - at 610.000 ns: Warning: Timing violation in
   /tb_gpu/DUT/DM/inst/  $recovery( CLKA:610.000 ns, CLKB:610.000 ns,1.000 ns)
T=615000 | PC=38 | instr=30ba1000 | stall=1 hazard=1 tensor=0
Haz A=0 B=0 C=0 D=0 E=10 F=0
WB: r10 = 0000000000000000
WARNING:Simulator:29 - at 615.000 ns: Warning: Timing violation in
   /tb_gpu/DUT/DM/inst/  $recovery( CLKB:615.000 ns, CLKA:615.000 ns,1.000 ns)
WARNING:Simulator:29 - at 615.000 ns: Warning: Timing violation in
   /tb_gpu/DUT/DM/inst/  $recovery( CLKA:615.000 ns, CLKB:615.000 ns,1.000 ns)
WARNING:Simulator:29 - at 620.000 ns: Warning: Timing violation in
   /tb_gpu/DUT/DM/inst/  $recovery( CLKB:620.000 ns, CLKA:620.000 ns,1.000 ns)
WARNING:Simulator:29 - at 620.000 ns: Warning: Timing violation in
   /tb_gpu/DUT/DM/inst/  $recovery( CLKA:620.000 ns, CLKB:620.000 ns,1.000 ns)
T=625000 | PC=38 | instr=30ba1000 | stall=1 hazard=1 tensor=0
Haz A=0 B=0 C=0 D=0 E=0 F=10
WARNING:Simulator:29 - at 625.000 ns: Warning: Timing violation in
   /tb_gpu/DUT/DM/inst/  $recovery( CLKB:625.000 ns, CLKA:625.000 ns,1.000 ns)
WARNING:Simulator:29 - at 625.000 ns: Warning: Timing violation in
   /tb_gpu/DUT/DM/inst/  $recovery( CLKA:625.000 ns, CLKB:625.000 ns,1.000 ns)
WARNING:Simulator:29 - at 630.000 ns: Warning: Timing violation in
   /tb_gpu/DUT/DM/inst/  $recovery( CLKB:630.000 ns, CLKA:630.000 ns,1.000 ns)
WARNING:Simulator:29 - at 630.000 ns: Warning: Timing violation in
   /tb_gpu/DUT/DM/inst/  $recovery( CLKA:630.000 ns, CLKB:630.000 ns,1.000 ns)
T=635000 | PC=38 | instr=30ba1000 | stall=0 hazard=0 tensor=0
Haz A=0 B=0 C=0 D=0 E=0 F=0
WARNING:Simulator:29 - at 635.000 ns: Warning: Timing violation in
   /tb_gpu/DUT/DM/inst/  $recovery( CLKB:635.000 ns, CLKA:635.000 ns,1.000 ns)
WARNING:Simulator:29 - at 635.000 ns: Warning: Timing violation in
   /tb_gpu/DUT/DM/inst/  $recovery( CLKA:635.000 ns, CLKB:635.000 ns,1.000 ns)
[ALU1 t=635000] op=00110 srcA=0000000000000000 srcB=000a000a000a000a
[ALU1 t=635000] op=00110 srcA=0000000000000000 srcB=000a000a000a000a
WARNING:Simulator:29 - at 640.000 ns: Warning: Timing violation in
   /tb_gpu/DUT/DM/inst/  $recovery( CLKB:640.000 ns, CLKA:640.000 ns,1.000 ns)
WARNING:Simulator:29 - at 640.000 ns: Warning: Timing violation in
   /tb_gpu/DUT/DM/inst/  $recovery( CLKA:640.000 ns, CLKB:640.000 ns,1.000 ns)
T=645000 | PC=39 | instr=00000000 | stall=0 hazard=0 tensor=0
Haz A=11 B=0 C=0 D=0 E=0 F=0
WARNING:Simulator:29 - at 645.000 ns: Warning: Timing violation in
   /tb_gpu/DUT/DM/inst/  $recovery( CLKB:645.000 ns, CLKA:645.000 ns,1.000 ns)
WARNING:Simulator:29 - at 645.000 ns: Warning: Timing violation in
   /tb_gpu/DUT/DM/inst/  $recovery( CLKA:645.000 ns, CLKB:645.000 ns,1.000 ns)
WARNING:Simulator:29 - at 650.000 ns: Warning: Timing violation in
   /tb_gpu/DUT/DM/inst/  $recovery( CLKB:650.000 ns, CLKA:650.000 ns,1.000 ns)
WARNING:Simulator:29 - at 650.000 ns: Warning: Timing violation in
   /tb_gpu/DUT/DM/inst/  $recovery( CLKA:650.000 ns, CLKB:650.000 ns,1.000 ns)
T=655000 | PC=40 | instr=00000000 | stall=0 hazard=0 tensor=0
Haz A=0 B=11 C=0 D=0 E=0 F=0
WARNING:Simulator:29 - at 655.000 ns: Warning: Timing violation in
   /tb_gpu/DUT/DM/inst/  $recovery( CLKB:655.000 ns, CLKA:655.000 ns,1.000 ns)
WARNING:Simulator:29 - at 655.000 ns: Warning: Timing violation in
   /tb_gpu/DUT/DM/inst/  $recovery( CLKA:655.000 ns, CLKB:655.000 ns,1.000 ns)
WARNING:Simulator:29 - at 660.000 ns: Warning: Timing violation in
   /tb_gpu/DUT/DM/inst/  $recovery( CLKB:660.000 ns, CLKA:660.000 ns,1.000 ns)
WARNING:Simulator:29 - at 660.000 ns: Warning: Timing violation in
   /tb_gpu/DUT/DM/inst/  $recovery( CLKA:660.000 ns, CLKB:660.000 ns,1.000 ns)
T=665000 | PC=41 | instr=00000000 | stall=0 hazard=0 tensor=0
Haz A=0 B=0 C=11 D=0 E=0 F=0
WARNING:Simulator:29 - at 665.000 ns: Warning: Timing violation in
   /tb_gpu/DUT/DM/inst/  $recovery( CLKB:665.000 ns, CLKA:665.000 ns,1.000 ns)
WARNING:Simulator:29 - at 665.000 ns: Warning: Timing violation in
   /tb_gpu/DUT/DM/inst/  $recovery( CLKA:665.000 ns, CLKB:665.000 ns,1.000 ns)
WARNING:Simulator:29 - at 670.000 ns: Warning: Timing violation in
   /tb_gpu/DUT/DM/inst/  $recovery( CLKB:670.000 ns, CLKA:670.000 ns,1.000 ns)
WARNING:Simulator:29 - at 670.000 ns: Warning: Timing violation in
   /tb_gpu/DUT/DM/inst/  $recovery( CLKA:670.000 ns, CLKB:670.000 ns,1.000 ns)
T=675000 | PC=42 | instr=c0c12300 | stall=0 hazard=0 tensor=0
Haz A=0 B=0 C=0 D=11 E=0 F=0
WARNING:Simulator:29 - at 675.000 ns: Warning: Timing violation in
   /tb_gpu/DUT/DM/inst/  $recovery( CLKB:675.000 ns, CLKA:675.000 ns,1.000 ns)
WARNING:Simulator:29 - at 675.000 ns: Warning: Timing violation in
   /tb_gpu/DUT/DM/inst/  $recovery( CLKA:675.000 ns, CLKB:675.000 ns,1.000 ns)
WARNING:Simulator:29 - at 680.000 ns: Warning: Timing violation in
   /tb_gpu/DUT/DM/inst/  $recovery( CLKB:680.000 ns, CLKA:680.000 ns,1.000 ns)
WARNING:Simulator:29 - at 680.000 ns: Warning: Timing violation in
   /tb_gpu/DUT/DM/inst/  $recovery( CLKA:680.000 ns, CLKB:680.000 ns,1.000 ns)
T=685000 | PC=43 | instr=00000000 | stall=0 hazard=0 tensor=0
Haz A=12 B=0 C=0 D=0 E=11 F=0
WB: r11 = 000a000a000a000a
Tensor started
WARNING:Simulator:29 - at 685.000 ns: Warning: Timing violation in
   /tb_gpu/DUT/DM/inst/  $recovery( CLKB:685.000 ns, CLKA:685.000 ns,1.000 ns)
WARNING:Simulator:29 - at 685.000 ns: Warning: Timing violation in
   /tb_gpu/DUT/DM/inst/  $recovery( CLKA:685.000 ns, CLKB:685.000 ns,1.000 ns)
WARNING:Simulator:29 - at 690.000 ns: Warning: Timing violation in
   /tb_gpu/DUT/DM/inst/  $recovery( CLKB:690.000 ns, CLKA:690.000 ns,1.000 ns)
WARNING:Simulator:29 - at 690.000 ns: Warning: Timing violation in
   /tb_gpu/DUT/DM/inst/  $recovery( CLKA:690.000 ns, CLKB:690.000 ns,1.000 ns)
T=695000 | PC=44 | instr=00000000 | stall=1 hazard=0 tensor=1
Haz A=0 B=12 C=0 D=0 E=0 F=11
Tensor stall active
WARNING:Simulator:29 - at 695.000 ns: Warning: Timing violation in
   /tb_gpu/DUT/DM/inst/  $recovery( CLKB:695.000 ns, CLKA:695.000 ns,1.000 ns)
WARNING:Simulator:29 - at 695.000 ns: Warning: Timing violation in
   /tb_gpu/DUT/DM/inst/  $recovery( CLKA:695.000 ns, CLKB:695.000 ns,1.000 ns)
WARNING:Simulator:29 - at 700.000 ns: Warning: Timing violation in
   /tb_gpu/DUT/DM/inst/  $recovery( CLKB:700.000 ns, CLKA:700.000 ns,1.000 ns)
WARNING:Simulator:29 - at 700.000 ns: Warning: Timing violation in
   /tb_gpu/DUT/DM/inst/  $recovery( CLKA:700.000 ns, CLKB:700.000 ns,1.000 ns)
T=705000 | PC=44 | instr=00000000 | stall=1 hazard=0 tensor=1
Haz A=0 B=0 C=12 D=0 E=0 F=0
Tensor stall active
WARNING:Simulator:29 - at 705.000 ns: Warning: Timing violation in
   /tb_gpu/DUT/DM/inst/  $recovery( CLKB:705.000 ns, CLKA:705.000 ns,1.000 ns)
WARNING:Simulator:29 - at 705.000 ns: Warning: Timing violation in
   /tb_gpu/DUT/DM/inst/  $recovery( CLKA:705.000 ns, CLKB:705.000 ns,1.000 ns)
WARNING:Simulator:29 - at 710.000 ns: Warning: Timing violation in
   /tb_gpu/DUT/DM/inst/  $recovery( CLKB:710.000 ns, CLKA:710.000 ns,1.000 ns)
WARNING:Simulator:29 - at 710.000 ns: Warning: Timing violation in
   /tb_gpu/DUT/DM/inst/  $recovery( CLKA:710.000 ns, CLKB:710.000 ns,1.000 ns)
T=715000 | PC=44 | instr=00000000 | stall=1 hazard=0 tensor=1
Haz A=0 B=0 C=0 D=12 E=0 F=0
Tensor stall active
WARNING:Simulator:29 - at 715.000 ns: Warning: Timing violation in
   /tb_gpu/DUT/DM/inst/  $recovery( CLKB:715.000 ns, CLKA:715.000 ns,1.000 ns)
WARNING:Simulator:29 - at 715.000 ns: Warning: Timing violation in
   /tb_gpu/DUT/DM/inst/  $recovery( CLKA:715.000 ns, CLKB:715.000 ns,1.000 ns)
WARNING:Simulator:29 - at 720.000 ns: Warning: Timing violation in
   /tb_gpu/DUT/DM/inst/  $recovery( CLKB:720.000 ns, CLKA:720.000 ns,1.000 ns)
WARNING:Simulator:29 - at 720.000 ns: Warning: Timing violation in
   /tb_gpu/DUT/DM/inst/  $recovery( CLKA:720.000 ns, CLKB:720.000 ns,1.000 ns)
T=725000 | PC=44 | instr=00000000 | stall=0 hazard=0 tensor=0
Haz A=0 B=0 C=0 D=0 E=12 F=0
Tensor result = 00e600e600e600e6
WARNING:Simulator:29 - at 725.000 ns: Warning: Timing violation in
   /tb_gpu/DUT/DM/inst/  $recovery( CLKB:725.000 ns, CLKA:725.000 ns,1.000 ns)
WARNING:Simulator:29 - at 725.000 ns: Warning: Timing violation in
   /tb_gpu/DUT/DM/inst/  $recovery( CLKA:725.000 ns, CLKB:725.000 ns,1.000 ns)
WARNING:Simulator:29 - at 730.000 ns: Warning: Timing violation in
   /tb_gpu/DUT/DM/inst/  $recovery( CLKB:730.000 ns, CLKA:730.000 ns,1.000 ns)
WARNING:Simulator:29 - at 730.000 ns: Warning: Timing violation in
   /tb_gpu/DUT/DM/inst/  $recovery( CLKA:730.000 ns, CLKB:730.000 ns,1.000 ns)
T=735000 | PC=45 | instr=00000000 | stall=0 hazard=0 tensor=0
Haz A=0 B=0 C=0 D=0 E=0 F=12
WARNING:Simulator:29 - at 735.000 ns: Warning: Timing violation in
   /tb_gpu/DUT/DM/inst/  $recovery( CLKB:735.000 ns, CLKA:735.000 ns,1.000 ns)
WARNING:Simulator:29 - at 735.000 ns: Warning: Timing violation in
   /tb_gpu/DUT/DM/inst/  $recovery( CLKA:735.000 ns, CLKB:735.000 ns,1.000 ns)
WARNING:Simulator:29 - at 740.000 ns: Warning: Timing violation in
   /tb_gpu/DUT/DM/inst/  $recovery( CLKB:740.000 ns, CLKA:740.000 ns,1.000 ns)
WARNING:Simulator:29 - at 740.000 ns: Warning: Timing violation in
   /tb_gpu/DUT/DM/inst/  $recovery( CLKA:740.000 ns, CLKB:740.000 ns,1.000 ns)
T=745000 | PC=46 | instr=00000000 | stall=0 hazard=0 tensor=0
Haz A=0 B=0 C=0 D=0 E=0 F=0
WARNING:Simulator:29 - at 745.000 ns: Warning: Timing violation in
   /tb_gpu/DUT/DM/inst/  $recovery( CLKB:745.000 ns, CLKA:745.000 ns,1.000 ns)
WARNING:Simulator:29 - at 745.000 ns: Warning: Timing violation in
   /tb_gpu/DUT/DM/inst/  $recovery( CLKA:745.000 ns, CLKB:745.000 ns,1.000 ns)
WARNING:Simulator:29 - at 750.000 ns: Warning: Timing violation in
   /tb_gpu/DUT/DM/inst/  $recovery( CLKB:750.000 ns, CLKA:750.000 ns,1.000 ns)
WARNING:Simulator:29 - at 750.000 ns: Warning: Timing violation in
   /tb_gpu/DUT/DM/inst/  $recovery( CLKA:750.000 ns, CLKB:750.000 ns,1.000 ns)
T=755000 | PC=47 | instr=00000000 | stall=0 hazard=0 tensor=0
Haz A=0 B=0 C=0 D=0 E=0 F=0
WARNING:Simulator:29 - at 755.000 ns: Warning: Timing violation in
   /tb_gpu/DUT/DM/inst/  $recovery( CLKB:755.000 ns, CLKA:755.000 ns,1.000 ns)
WARNING:Simulator:29 - at 755.000 ns: Warning: Timing violation in
   /tb_gpu/DUT/DM/inst/  $recovery( CLKA:755.000 ns, CLKB:755.000 ns,1.000 ns)
WARNING:Simulator:29 - at 760.000 ns: Warning: Timing violation in
   /tb_gpu/DUT/DM/inst/  $recovery( CLKB:760.000 ns, CLKA:760.000 ns,1.000 ns)
WARNING:Simulator:29 - at 760.000 ns: Warning: Timing violation in
   /tb_gpu/DUT/DM/inst/  $recovery( CLKA:760.000 ns, CLKB:760.000 ns,1.000 ns)
T=765000 | PC=48 | instr=00000000 | stall=0 hazard=0 tensor=0
Haz A=0 B=0 C=0 D=0 E=0 F=0
WB: r12 = 00e600e600e600e6
WARNING:Simulator:29 - at 765.000 ns: Warning: Timing violation in
   /tb_gpu/DUT/DM/inst/  $recovery( CLKB:765.000 ns, CLKA:765.000 ns,1.000 ns)
WARNING:Simulator:29 - at 765.000 ns: Warning: Timing violation in
   /tb_gpu/DUT/DM/inst/  $recovery( CLKA:765.000 ns, CLKB:765.000 ns,1.000 ns)
WARNING:Simulator:29 - at 770.000 ns: Warning: Timing violation in
   /tb_gpu/DUT/DM/inst/  $recovery( CLKB:770.000 ns, CLKA:770.000 ns,1.000 ns)
WARNING:Simulator:29 - at 770.000 ns: Warning: Timing violation in
   /tb_gpu/DUT/DM/inst/  $recovery( CLKA:770.000 ns, CLKB:770.000 ns,1.000 ns)
T=775000 | PC=49 | instr=00000000 | stall=0 hazard=0 tensor=0
Haz A=0 B=0 C=0 D=0 E=0 F=0
WARNING:Simulator:29 - at 775.000 ns: Warning: Timing violation in
   /tb_gpu/DUT/DM/inst/  $recovery( CLKB:775.000 ns, CLKA:775.000 ns,1.000 ns)
WARNING:Simulator:29 - at 775.000 ns: Warning: Timing violation in
   /tb_gpu/DUT/DM/inst/  $recovery( CLKA:775.000 ns, CLKB:775.000 ns,1.000 ns)
WARNING:Simulator:29 - at 780.000 ns: Warning: Timing violation in
   /tb_gpu/DUT/DM/inst/  $recovery( CLKB:780.000 ns, CLKA:780.000 ns,1.000 ns)
WARNING:Simulator:29 - at 780.000 ns: Warning: Timing violation in
   /tb_gpu/DUT/DM/inst/  $recovery( CLKA:780.000 ns, CLKB:780.000 ns,1.000 ns)
T=785000 | PC=50 | instr=30dc2000 | stall=0 hazard=0 tensor=0
Haz A=0 B=0 C=0 D=0 E=0 F=0
WARNING:Simulator:29 - at 785.000 ns: Warning: Timing violation in
   /tb_gpu/DUT/DM/inst/  $recovery( CLKB:785.000 ns, CLKA:785.000 ns,1.000 ns)
WARNING:Simulator:29 - at 785.000 ns: Warning: Timing violation in
   /tb_gpu/DUT/DM/inst/  $recovery( CLKA:785.000 ns, CLKB:785.000 ns,1.000 ns)
[ALU1 t=785000] op=00110 srcA=00e600e600e600e6 srcB=0014001400140014
[ALU1 t=785000] op=00110 srcA=00e600e600e600e6 srcB=0014001400140014
WARNING:Simulator:29 - at 790.000 ns: Warning: Timing violation in
   /tb_gpu/DUT/DM/inst/  $recovery( CLKB:790.000 ns, CLKA:790.000 ns,1.000 ns)
WARNING:Simulator:29 - at 790.000 ns: Warning: Timing violation in
   /tb_gpu/DUT/DM/inst/  $recovery( CLKA:790.000 ns, CLKB:790.000 ns,1.000 ns)
T=795000 | PC=51 | instr=00000000 | stall=0 hazard=0 tensor=0
Haz A=13 B=0 C=0 D=0 E=0 F=0
WARNING:Simulator:29 - at 795.000 ns: Warning: Timing violation in
   /tb_gpu/DUT/DM/inst/  $recovery( CLKB:795.000 ns, CLKA:795.000 ns,1.000 ns)
WARNING:Simulator:29 - at 795.000 ns: Warning: Timing violation in
   /tb_gpu/DUT/DM/inst/  $recovery( CLKA:795.000 ns, CLKB:795.000 ns,1.000 ns)
WARNING:Simulator:29 - at 800.000 ns: Warning: Timing violation in
   /tb_gpu/DUT/DM/inst/  $recovery( CLKB:800.000 ns, CLKA:800.000 ns,1.000 ns)
WARNING:Simulator:29 - at 800.000 ns: Warning: Timing violation in
   /tb_gpu/DUT/DM/inst/  $recovery( CLKA:800.000 ns, CLKB:800.000 ns,1.000 ns)
T=805000 | PC=52 | instr=00000000 | stall=0 hazard=0 tensor=0
Haz A=0 B=13 C=0 D=0 E=0 F=0
WARNING:Simulator:29 - at 805.000 ns: Warning: Timing violation in
   /tb_gpu/DUT/DM/inst/  $recovery( CLKB:805.000 ns, CLKA:805.000 ns,1.000 ns)
WARNING:Simulator:29 - at 805.000 ns: Warning: Timing violation in
   /tb_gpu/DUT/DM/inst/  $recovery( CLKA:805.000 ns, CLKB:805.000 ns,1.000 ns)
WARNING:Simulator:29 - at 810.000 ns: Warning: Timing violation in
   /tb_gpu/DUT/DM/inst/  $recovery( CLKB:810.000 ns, CLKA:810.000 ns,1.000 ns)
WARNING:Simulator:29 - at 810.000 ns: Warning: Timing violation in
   /tb_gpu/DUT/DM/inst/  $recovery( CLKA:810.000 ns, CLKB:810.000 ns,1.000 ns)
T=815000 | PC=53 | instr=00000000 | stall=0 hazard=0 tensor=0
Haz A=0 B=0 C=13 D=0 E=0 F=0
WARNING:Simulator:29 - at 815.000 ns: Warning: Timing violation in
   /tb_gpu/DUT/DM/inst/  $recovery( CLKB:815.000 ns, CLKA:815.000 ns,1.000 ns)
WARNING:Simulator:29 - at 815.000 ns: Warning: Timing violation in
   /tb_gpu/DUT/DM/inst/  $recovery( CLKA:815.000 ns, CLKB:815.000 ns,1.000 ns)
WARNING:Simulator:29 - at 820.000 ns: Warning: Timing violation in
   /tb_gpu/DUT/DM/inst/  $recovery( CLKB:820.000 ns, CLKA:820.000 ns,1.000 ns)
WARNING:Simulator:29 - at 820.000 ns: Warning: Timing violation in
   /tb_gpu/DUT/DM/inst/  $recovery( CLKA:820.000 ns, CLKB:820.000 ns,1.000 ns)
T=825000 | PC=54 | instr=00000000 | stall=0 hazard=0 tensor=0
Haz A=0 B=0 C=0 D=13 E=0 F=0
WARNING:Simulator:29 - at 825.000 ns: Warning: Timing violation in
   /tb_gpu/DUT/DM/inst/  $recovery( CLKB:825.000 ns, CLKA:825.000 ns,1.000 ns)
WARNING:Simulator:29 - at 825.000 ns: Warning: Timing violation in
   /tb_gpu/DUT/DM/inst/  $recovery( CLKA:825.000 ns, CLKB:825.000 ns,1.000 ns)
WARNING:Simulator:29 - at 830.000 ns: Warning: Timing violation in
   /tb_gpu/DUT/DM/inst/  $recovery( CLKB:830.000 ns, CLKA:830.000 ns,1.000 ns)
WARNING:Simulator:29 - at 830.000 ns: Warning: Timing violation in
   /tb_gpu/DUT/DM/inst/  $recovery( CLKA:830.000 ns, CLKB:830.000 ns,1.000 ns)
T=835000 | PC=55 | instr=00000000 | stall=0 hazard=0 tensor=0
Haz A=0 B=0 C=0 D=0 E=13 F=0
WB: r13 = 00fa00fa00fa00fa
WARNING:Simulator:29 - at 835.000 ns: Warning: Timing violation in
   /tb_gpu/DUT/DM/inst/  $recovery( CLKB:835.000 ns, CLKA:835.000 ns,1.000 ns)
WARNING:Simulator:29 - at 835.000 ns: Warning: Timing violation in
   /tb_gpu/DUT/DM/inst/  $recovery( CLKA:835.000 ns, CLKB:835.000 ns,1.000 ns)
WARNING:Simulator:29 - at 840.000 ns: Warning: Timing violation in
   /tb_gpu/DUT/DM/inst/  $recovery( CLKB:840.000 ns, CLKA:840.000 ns,1.000 ns)
WARNING:Simulator:29 - at 840.000 ns: Warning: Timing violation in
   /tb_gpu/DUT/DM/inst/  $recovery( CLKA:840.000 ns, CLKB:840.000 ns,1.000 ns)
T=845000 | PC=56 | instr=00000000 | stall=0 hazard=0 tensor=0
Haz A=0 B=0 C=0 D=0 E=0 F=13
WARNING:Simulator:29 - at 845.000 ns: Warning: Timing violation in
   /tb_gpu/DUT/DM/inst/  $recovery( CLKB:845.000 ns, CLKA:845.000 ns,1.000 ns)
WARNING:Simulator:29 - at 845.000 ns: Warning: Timing violation in
   /tb_gpu/DUT/DM/inst/  $recovery( CLKA:845.000 ns, CLKB:845.000 ns,1.000 ns)
WARNING:Simulator:29 - at 850.000 ns: Warning: Timing violation in
   /tb_gpu/DUT/DM/inst/  $recovery( CLKB:850.000 ns, CLKA:850.000 ns,1.000 ns)
WARNING:Simulator:29 - at 850.000 ns: Warning: Timing violation in
   /tb_gpu/DUT/DM/inst/  $recovery( CLKA:850.000 ns, CLKB:850.000 ns,1.000 ns)
T=855000 | PC=57 | instr=00000000 | stall=0 hazard=0 tensor=0
Haz A=0 B=0 C=0 D=0 E=0 F=0
WARNING:Simulator:29 - at 855.000 ns: Warning: Timing violation in
   /tb_gpu/DUT/DM/inst/  $recovery( CLKB:855.000 ns, CLKA:855.000 ns,1.000 ns)
WARNING:Simulator:29 - at 855.000 ns: Warning: Timing violation in
   /tb_gpu/DUT/DM/inst/  $recovery( CLKA:855.000 ns, CLKB:855.000 ns,1.000 ns)
WARNING:Simulator:29 - at 860.000 ns: Warning: Timing violation in
   /tb_gpu/DUT/DM/inst/  $recovery( CLKB:860.000 ns, CLKA:860.000 ns,1.000 ns)
WARNING:Simulator:29 - at 860.000 ns: Warning: Timing violation in
   /tb_gpu/DUT/DM/inst/  $recovery( CLKA:860.000 ns, CLKB:860.000 ns,1.000 ns)
T=865000 | PC=58 | instr=00000000 | stall=0 hazard=0 tensor=0
Haz A=0 B=0 C=0 D=0 E=0 F=0
WARNING:Simulator:29 - at 865.000 ns: Warning: Timing violation in
   /tb_gpu/DUT/DM/inst/  $recovery( CLKB:865.000 ns, CLKA:865.000 ns,1.000 ns)
WARNING:Simulator:29 - at 865.000 ns: Warning: Timing violation in
   /tb_gpu/DUT/DM/inst/  $recovery( CLKA:865.000 ns, CLKB:865.000 ns,1.000 ns)
WARNING:Simulator:29 - at 870.000 ns: Warning: Timing violation in
   /tb_gpu/DUT/DM/inst/  $recovery( CLKB:870.000 ns, CLKA:870.000 ns,1.000 ns)
WARNING:Simulator:29 - at 870.000 ns: Warning: Timing violation in
   /tb_gpu/DUT/DM/inst/  $recovery( CLKA:870.000 ns, CLKB:870.000 ns,1.000 ns)
T=875000 | PC=59 | instr=00000000 | stall=0 hazard=0 tensor=0
Haz A=0 B=0 C=0 D=0 E=0 F=0
WARNING:Simulator:29 - at 875.000 ns: Warning: Timing violation in
   /tb_gpu/DUT/DM/inst/  $recovery( CLKB:875.000 ns, CLKA:875.000 ns,1.000 ns)
WARNING:Simulator:29 - at 875.000 ns: Warning: Timing violation in
   /tb_gpu/DUT/DM/inst/  $recovery( CLKA:875.000 ns, CLKB:875.000 ns,1.000 ns)
WARNING:Simulator:29 - at 880.000 ns: Warning: Timing violation in
   /tb_gpu/DUT/DM/inst/  $recovery( CLKB:880.000 ns, CLKA:880.000 ns,1.000 ns)
WARNING:Simulator:29 - at 880.000 ns: Warning: Timing violation in
   /tb_gpu/DUT/DM/inst/  $recovery( CLKA:880.000 ns, CLKB:880.000 ns,1.000 ns)
T=885000 | PC=60 | instr=00000000 | stall=0 hazard=0 tensor=0
Haz A=0 B=0 C=0 D=0 E=0 F=0
WARNING:Simulator:29 - at 885.000 ns: Warning: Timing violation in
   /tb_gpu/DUT/DM/inst/  $recovery( CLKB:885.000 ns, CLKA:885.000 ns,1.000 ns)
WARNING:Simulator:29 - at 885.000 ns: Warning: Timing violation in
   /tb_gpu/DUT/DM/inst/  $recovery( CLKA:885.000 ns, CLKB:885.000 ns,1.000 ns)
WARNING:Simulator:29 - at 890.000 ns: Warning: Timing violation in
   /tb_gpu/DUT/DM/inst/  $recovery( CLKB:890.000 ns, CLKA:890.000 ns,1.000 ns)
WARNING:Simulator:29 - at 890.000 ns: Warning: Timing violation in
   /tb_gpu/DUT/DM/inst/  $recovery( CLKA:890.000 ns, CLKB:890.000 ns,1.000 ns)
T=895000 | PC=61 | instr=00000000 | stall=0 hazard=0 tensor=0
Haz A=0 B=0 C=0 D=0 E=0 F=0
WARNING:Simulator:29 - at 895.000 ns: Warning: Timing violation in
   /tb_gpu/DUT/DM/inst/  $recovery( CLKB:895.000 ns, CLKA:895.000 ns,1.000 ns)
WARNING:Simulator:29 - at 895.000 ns: Warning: Timing violation in
   /tb_gpu/DUT/DM/inst/  $recovery( CLKA:895.000 ns, CLKB:895.000 ns,1.000 ns)
WARNING:Simulator:29 - at 900.000 ns: Warning: Timing violation in
   /tb_gpu/DUT/DM/inst/  $recovery( CLKB:900.000 ns, CLKA:900.000 ns,1.000 ns)
WARNING:Simulator:29 - at 900.000 ns: Warning: Timing violation in
   /tb_gpu/DUT/DM/inst/  $recovery( CLKA:900.000 ns, CLKB:900.000 ns,1.000 ns)
T=905000 | PC=62 | instr=00000000 | stall=0 hazard=0 tensor=0
Haz A=0 B=0 C=0 D=0 E=0 F=0
WARNING:Simulator:29 - at 905.000 ns: Warning: Timing violation in
   /tb_gpu/DUT/DM/inst/  $recovery( CLKB:905.000 ns, CLKA:905.000 ns,1.000 ns)
WARNING:Simulator:29 - at 905.000 ns: Warning: Timing violation in
   /tb_gpu/DUT/DM/inst/  $recovery( CLKA:905.000 ns, CLKB:905.000 ns,1.000 ns)
WARNING:Simulator:29 - at 910.000 ns: Warning: Timing violation in
   /tb_gpu/DUT/DM/inst/  $recovery( CLKB:910.000 ns, CLKA:910.000 ns,1.000 ns)
WARNING:Simulator:29 - at 910.000 ns: Warning: Timing violation in
   /tb_gpu/DUT/DM/inst/  $recovery( CLKA:910.000 ns, CLKB:910.000 ns,1.000 ns)
T=915000 | PC=63 | instr=00000000 | stall=0 hazard=0 tensor=0
Haz A=0 B=0 C=0 D=0 E=0 F=0
WARNING:Simulator:29 - at 915.000 ns: Warning: Timing violation in
   /tb_gpu/DUT/DM/inst/  $recovery( CLKB:915.000 ns, CLKA:915.000 ns,1.000 ns)
WARNING:Simulator:29 - at 915.000 ns: Warning: Timing violation in
   /tb_gpu/DUT/DM/inst/  $recovery( CLKA:915.000 ns, CLKB:915.000 ns,1.000 ns)
WARNING:Simulator:29 - at 920.000 ns: Warning: Timing violation in
   /tb_gpu/DUT/DM/inst/  $recovery( CLKB:920.000 ns, CLKA:920.000 ns,1.000 ns)
WARNING:Simulator:29 - at 920.000 ns: Warning: Timing violation in
   /tb_gpu/DUT/DM/inst/  $recovery( CLKA:920.000 ns, CLKB:920.000 ns,1.000 ns)
T=925000 | PC=64 | instr=00000000 | stall=0 hazard=0 tensor=0
Haz A=0 B=0 C=0 D=0 E=0 F=0
WARNING:Simulator:29 - at 925.000 ns: Warning: Timing violation in
   /tb_gpu/DUT/DM/inst/  $recovery( CLKB:925.000 ns, CLKA:925.000 ns,1.000 ns)
WARNING:Simulator:29 - at 925.000 ns: Warning: Timing violation in
   /tb_gpu/DUT/DM/inst/  $recovery( CLKA:925.000 ns, CLKB:925.000 ns,1.000 ns)
WARNING:Simulator:29 - at 930.000 ns: Warning: Timing violation in
   /tb_gpu/DUT/DM/inst/  $recovery( CLKB:930.000 ns, CLKA:930.000 ns,1.000 ns)
WARNING:Simulator:29 - at 930.000 ns: Warning: Timing violation in
   /tb_gpu/DUT/DM/inst/  $recovery( CLKA:930.000 ns, CLKB:930.000 ns,1.000 ns)
T=935000 | PC=65 | instr=00000000 | stall=0 hazard=0 tensor=0
Haz A=0 B=0 C=0 D=0 E=0 F=0
WARNING:Simulator:29 - at 935.000 ns: Warning: Timing violation in
   /tb_gpu/DUT/DM/inst/  $recovery( CLKB:935.000 ns, CLKA:935.000 ns,1.000 ns)
WARNING:Simulator:29 - at 935.000 ns: Warning: Timing violation in
   /tb_gpu/DUT/DM/inst/  $recovery( CLKA:935.000 ns, CLKB:935.000 ns,1.000 ns)
WARNING:Simulator:29 - at 940.000 ns: Warning: Timing violation in
   /tb_gpu/DUT/DM/inst/  $recovery( CLKB:940.000 ns, CLKA:940.000 ns,1.000 ns)
WARNING:Simulator:29 - at 940.000 ns: Warning: Timing violation in
   /tb_gpu/DUT/DM/inst/  $recovery( CLKA:940.000 ns, CLKB:940.000 ns,1.000 ns)
T=945000 | PC=66 | instr=0110000a | stall=0 hazard=0 tensor=0
Haz A=0 B=0 C=0 D=0 E=0 F=0
WARNING:Simulator:29 - at 945.000 ns: Warning: Timing violation in
   /tb_gpu/DUT/DM/inst/  $recovery( CLKB:945.000 ns, CLKA:945.000 ns,1.000 ns)
WARNING:Simulator:29 - at 945.000 ns: Warning: Timing violation in
   /tb_gpu/DUT/DM/inst/  $recovery( CLKA:945.000 ns, CLKB:945.000 ns,1.000 ns)
[ALU1 t=945000] op=00110 srcA=0000000000000000 srcB=000a000a000a000a
[ALU1 t=945000] op=00110 srcA=0000000000000000 srcB=000a000a000a000a
WARNING:Simulator:29 - at 950.000 ns: Warning: Timing violation in
   /tb_gpu/DUT/DM/inst/  $recovery( CLKB:950.000 ns, CLKA:950.000 ns,1.000 ns)
WARNING:Simulator:29 - at 950.000 ns: Warning: Timing violation in
   /tb_gpu/DUT/DM/inst/  $recovery( CLKA:950.000 ns, CLKB:950.000 ns,1.000 ns)
T=955000 | PC=67 | instr=00000000 | stall=0 hazard=0 tensor=0
Haz A=1 B=0 C=0 D=0 E=0 F=0
WARNING:Simulator:29 - at 955.000 ns: Warning: Timing violation in
   /tb_gpu/DUT/DM/inst/  $recovery( CLKB:955.000 ns, CLKA:955.000 ns,1.000 ns)
WARNING:Simulator:29 - at 955.000 ns: Warning: Timing violation in
   /tb_gpu/DUT/DM/inst/  $recovery( CLKA:955.000 ns, CLKB:955.000 ns,1.000 ns)
WARNING:Simulator:29 - at 960.000 ns: Warning: Timing violation in
   /tb_gpu/DUT/DM/inst/  $recovery( CLKB:960.000 ns, CLKA:960.000 ns,1.000 ns)
WARNING:Simulator:29 - at 960.000 ns: Warning: Timing violation in
   /tb_gpu/DUT/DM/inst/  $recovery( CLKA:960.000 ns, CLKB:960.000 ns,1.000 ns)
T=965000 | PC=68 | instr=00000000 | stall=0 hazard=0 tensor=0
Haz A=0 B=1 C=0 D=0 E=0 F=0
WARNING:Simulator:29 - at 965.000 ns: Warning: Timing violation in
   /tb_gpu/DUT/DM/inst/  $recovery( CLKB:965.000 ns, CLKA:965.000 ns,1.000 ns)
WARNING:Simulator:29 - at 965.000 ns: Warning: Timing violation in
   /tb_gpu/DUT/DM/inst/  $recovery( CLKA:965.000 ns, CLKB:965.000 ns,1.000 ns)
WARNING:Simulator:29 - at 970.000 ns: Warning: Timing violation in
   /tb_gpu/DUT/DM/inst/  $recovery( CLKB:970.000 ns, CLKA:970.000 ns,1.000 ns)
WARNING:Simulator:29 - at 970.000 ns: Warning: Timing violation in
   /tb_gpu/DUT/DM/inst/  $recovery( CLKA:970.000 ns, CLKB:970.000 ns,1.000 ns)
T=975000 | PC=69 | instr=00000000 | stall=0 hazard=0 tensor=0
Haz A=0 B=0 C=1 D=0 E=0 F=0
WARNING:Simulator:29 - at 975.000 ns: Warning: Timing violation in
   /tb_gpu/DUT/DM/inst/  $recovery( CLKB:975.000 ns, CLKA:975.000 ns,1.000 ns)
WARNING:Simulator:29 - at 975.000 ns: Warning: Timing violation in
   /tb_gpu/DUT/DM/inst/  $recovery( CLKA:975.000 ns, CLKB:975.000 ns,1.000 ns)
WARNING:Simulator:29 - at 980.000 ns: Warning: Timing violation in
   /tb_gpu/DUT/DM/inst/  $recovery( CLKB:980.000 ns, CLKA:980.000 ns,1.000 ns)
WARNING:Simulator:29 - at 980.000 ns: Warning: Timing violation in
   /tb_gpu/DUT/DM/inst/  $recovery( CLKA:980.000 ns, CLKB:980.000 ns,1.000 ns)
T=985000 | PC=70 | instr=30211000 | stall=1 hazard=1 tensor=0
Haz A=0 B=0 C=0 D=1 E=0 F=0
WARNING:Simulator:29 - at 985.000 ns: Warning: Timing violation in
   /tb_gpu/DUT/DM/inst/  $recovery( CLKB:985.000 ns, CLKA:985.000 ns,1.000 ns)
WARNING:Simulator:29 - at 985.000 ns: Warning: Timing violation in
   /tb_gpu/DUT/DM/inst/  $recovery( CLKA:985.000 ns, CLKB:985.000 ns,1.000 ns)
WARNING:Simulator:29 - at 990.000 ns: Warning: Timing violation in
   /tb_gpu/DUT/DM/inst/  $recovery( CLKB:990.000 ns, CLKA:990.000 ns,1.000 ns)
WARNING:Simulator:29 - at 990.000 ns: Warning: Timing violation in
   /tb_gpu/DUT/DM/inst/  $recovery( CLKA:990.000 ns, CLKB:990.000 ns,1.000 ns)
T=995000 | PC=70 | instr=30211000 | stall=1 hazard=1 tensor=0
Haz A=0 B=0 C=0 D=0 E=1 F=0
WB: r1 = 000a000a000a000a
WARNING:Simulator:29 - at 995.000 ns: Warning: Timing violation in
   /tb_gpu/DUT/DM/inst/  $recovery( CLKB:995.000 ns, CLKA:995.000 ns,1.000 ns)
WARNING:Simulator:29 - at 995.000 ns: Warning: Timing violation in
   /tb_gpu/DUT/DM/inst/  $recovery( CLKA:995.000 ns, CLKB:995.000 ns,1.000 ns)
WARNING:Simulator:29 - at 1.000 us: Warning: Timing violation in
   /tb_gpu/DUT/DM/inst/  $recovery( CLKB:1.000 us, CLKA:1.000 us,1.000 ns)
WARNING:Simulator:29 - at 1.000 us: Warning: Timing violation in
   /tb_gpu/DUT/DM/inst/  $recovery( CLKA:1.000 us, CLKB:1.000 us,1.000 ns)
% 